/home/gaurav/STSW-STLKT01_V2.5.0/Projects/SensorTile/Applications/Optimized_Transformer_code-master/Src/usbd_cdc_if.c:207:15:CDC_DeInit_FS	0	static
/home/gaurav/STSW-STLKT01_V2.5.0/Projects/SensorTile/Applications/Optimized_Transformer_code-master/Src/usbd_cdc_if.c:221:15:CDC_Control_FS	0	static
/home/gaurav/STSW-STLKT01_V2.5.0/Projects/SensorTile/Applications/Optimized_Transformer_code-master/Src/usbd_cdc_if.c:301:8:CDC_Receive_FS	16	static
/home/gaurav/STSW-STLKT01_V2.5.0/Projects/SensorTile/Applications/Optimized_Transformer_code-master/Src/usbd_cdc_if.c:181:15:CDC_Init_FS	8	static
/home/gaurav/STSW-STLKT01_V2.5.0/Projects/SensorTile/Applications/Optimized_Transformer_code-master/Src/usbd_cdc_if.c:345:9:CDC_Transmit_FS	8	static
/home/gaurav/STSW-STLKT01_V2.5.0/Projects/SensorTile/Applications/Optimized_Transformer_code-master/Src/usbd_cdc_if.c:370:8:VCP_retrieveInputData	16	static
