/home/gaurav/STSW-STLKT01_V2.5.0/Projects/SensorTile/Applications/Optimized_Transformer_code-master/STM32CubeIDE/tensorflow/tensorflow/lite/c/common.c:22:5:TfLiteIntArrayGetSizeInBytes	0	static
/home/gaurav/STSW-STLKT01_V2.5.0/Projects/SensorTile/Applications/Optimized_Transformer_code-master/STM32CubeIDE/tensorflow/tensorflow/lite/c/common.c:33:5:TfLiteIntArrayEqualsArray	12	static
/home/gaurav/STSW-STLKT01_V2.5.0/Projects/SensorTile/Applications/Optimized_Transformer_code-master/STM32CubeIDE/tensorflow/tensorflow/lite/c/common.c:27:5:TfLiteIntArrayEqual	0	static
/home/gaurav/STSW-STLKT01_V2.5.0/Projects/SensorTile/Applications/Optimized_Transformer_code-master/STM32CubeIDE/tensorflow/tensorflow/lite/c/common.c:45:17:TfLiteIntArrayCreate	8	static
/home/gaurav/STSW-STLKT01_V2.5.0/Projects/SensorTile/Applications/Optimized_Transformer_code-master/STM32CubeIDE/tensorflow/tensorflow/lite/c/common.c:52:17:TfLiteIntArrayCopy	16	static
/home/gaurav/STSW-STLKT01_V2.5.0/Projects/SensorTile/Applications/Optimized_Transformer_code-master/STM32CubeIDE/tensorflow/tensorflow/lite/c/common.c:61:6:TfLiteIntArrayFree	0	static
/home/gaurav/STSW-STLKT01_V2.5.0/Projects/SensorTile/Applications/Optimized_Transformer_code-master/STM32CubeIDE/tensorflow/tensorflow/lite/c/common.c:65:5:TfLiteFloatArrayGetSizeInBytes	0	static
/home/gaurav/STSW-STLKT01_V2.5.0/Projects/SensorTile/Applications/Optimized_Transformer_code-master/STM32CubeIDE/tensorflow/tensorflow/lite/c/common.c:72:19:TfLiteFloatArrayCreate	8	static
/home/gaurav/STSW-STLKT01_V2.5.0/Projects/SensorTile/Applications/Optimized_Transformer_code-master/STM32CubeIDE/tensorflow/tensorflow/lite/c/common.c:79:6:TfLiteFloatArrayFree	0	static
/home/gaurav/STSW-STLKT01_V2.5.0/Projects/SensorTile/Applications/Optimized_Transformer_code-master/STM32CubeIDE/tensorflow/tensorflow/lite/c/common.c:81:6:TfLiteTensorDataFree	8	static
/home/gaurav/STSW-STLKT01_V2.5.0/Projects/SensorTile/Applications/Optimized_Transformer_code-master/STM32CubeIDE/tensorflow/tensorflow/lite/c/common.c:89:6:TfLiteQuantizationFree	16	static
/home/gaurav/STSW-STLKT01_V2.5.0/Projects/SensorTile/Applications/Optimized_Transformer_code-master/STM32CubeIDE/tensorflow/tensorflow/lite/c/common.c:107:6:TfLiteSparsityFree	16	static
/home/gaurav/STSW-STLKT01_V2.5.0/Projects/SensorTile/Applications/Optimized_Transformer_code-master/STM32CubeIDE/tensorflow/tensorflow/lite/c/common.c:140:6:TfLiteTensorFree	16	static
/home/gaurav/STSW-STLKT01_V2.5.0/Projects/SensorTile/Applications/Optimized_Transformer_code-master/STM32CubeIDE/tensorflow/tensorflow/lite/c/common.c:155:6:TfLiteTensorReset	24	static
/home/gaurav/STSW-STLKT01_V2.5.0/Projects/SensorTile/Applications/Optimized_Transformer_code-master/STM32CubeIDE/tensorflow/tensorflow/lite/c/common.c:175:6:TfLiteTensorRealloc	16	static
/home/gaurav/STSW-STLKT01_V2.5.0/Projects/SensorTile/Applications/Optimized_Transformer_code-master/STM32CubeIDE/tensorflow/tensorflow/lite/c/common.c:190:13:TfLiteTypeGetName	0	static
/home/gaurav/STSW-STLKT01_V2.5.0/Projects/SensorTile/Applications/Optimized_Transformer_code-master/STM32CubeIDE/tensorflow/tensorflow/lite/c/common.c:220:16:TfLiteDelegateCreate	8	static
