15:58:08 **** Incremental Build of configuration Release for project STSW-STLKT01-AudioLoop ****
make all 
arm-none-eabi-g++ "/home/gaurav/STSW-STLKT01_V2.5.0/Projects/SensorTile/Applications/Optimized_Transformer_code-master/Src/main.cpp" -mcpu=cortex-m4 -std=gnu++14 -g3 -DUSE_HAL_DRIVER -DOSX_BMS_SENSORTILE -DSTM32L476xx -DUSE_STM32L4XX_NUCLEO -D__FPU_PRESENT=1 -DARM_MATH_CM4 -c -I../../../Inc -I../../../../../../../Middlewares/ST/STM32_USB_Device_Library/Class/AUDIO/Inc -I../../../../../../../Middlewares/ST/STM32_USB_Device_Library/Core/Inc -I../../../../../../../Drivers/CMSIS/Device/ST/STM32L4xx/Include -I../../../../../../../Drivers/STM32L4xx_HAL_Driver/Inc -I../../../../../../../Drivers/BSP/Components/Common -I../../../../../../../Drivers/BSP/SensorTile -I../../../../../../../Drivers/BSP/Components/pcm1774 -I../../../../../../../Drivers/CMSIS/Include -I/home/gaurav/STSW-STLKT01_V2.5.0/Projects/SensorTile/Applications/Optimized_Transformer_code-master/STM32CubeIDE/tensorflow/tensorflow/lite/micro/tools/make/downloads/cmsis/CMSIS/Core/Include -I/home/gaurav/STSW-STLKT01_V2.5.0/Projects/SensorTile/Applications/Optimized_Transformer_code-master/STM32CubeIDE/tensorflow/tensorflow/lite/micro/tools/make/downloads -I/home/gaurav/STSW-STLKT01_V2.5.0/Projects/SensorTile/Applications/Optimized_Transformer_code-master/STM32CubeIDE/third_party/flatbuffers/include -I/home/gaurav/STSW-STLKT01_V2.5.0/Projects/SensorTile/Applications/Optimized_Transformer_code-master/STM32CubeIDE/third_party/gemmlowp -I/home/gaurav/STSW-STLKT01_V2.5.0/Projects/SensorTile/Applications/Optimized_Transformer_code-master/STM32CubeIDE/tensorflow -I/home/gaurav/STSW-STLKT01_V2.5.0/Projects/SensorTile/Applications/Optimized_Transformer_code-master/STM32CubeIDE/third_party/ruy -I/home/gaurav/STSW-STLKT01_V2.5.0/Projects/SensorTile/Applications/Optimized_Transformer_code-master/Inc -O0 -ffunction-sections -fno-exceptions -fno-rtti -fno-use-cxa-atexit -Wall -fstack-usage -fcyclomatic-complexity -MMD -MP -MF"AudioLoop/User/main.d" -MT"AudioLoop/User/main.o" --specs=nano.specs -mfpu=fpv4-sp-d16 -mfloat-abi=hard -mthumb -o "AudioLoop/User/main.o"
/home/gaurav/STSW-STLKT01_V2.5.0/Projects/SensorTile/Applications/Optimized_Transformer_code-master/Src/main.cpp:13:1: warning: multi-line comment [-Wcomment]
   13 | //#define STLBLE_PRINTF(...) {\
      | ^
/home/gaurav/STSW-STLKT01_V2.5.0/Projects/SensorTile/Applications/Optimized_Transformer_code-master/Src/main.cpp: In function 'int main()':
/home/gaurav/STSW-STLKT01_V2.5.0/Projects/SensorTile/Applications/Optimized_Transformer_code-master/Src/main.cpp:54317:30: warning: unused variable 'invoke_status' [-Wunused-variable]
54317 |                 TfLiteStatus invoke_status = interpreter->Invoke();
      |                              ^~~~~~~~~~~~~
/home/gaurav/STSW-STLKT01_V2.5.0/Projects/SensorTile/Applications/Optimized_Transformer_code-master/Src/main.cpp:54293:22: warning: unused variable 'allocate_status' [-Wunused-variable]
54293 |         TfLiteStatus allocate_status = interpreter->AllocateTensors();
      |                      ^~~~~~~~~~~~~~~
/home/gaurav/STSW-STLKT01_V2.5.0/Projects/SensorTile/Applications/Optimized_Transformer_code-master/Src/main.cpp:54307:25: warning: variable 'elapsed' set but not used [-Wunused-but-set-variable]
54307 |         uint32_t start, elapsed;
      |                         ^~~~~~~
arm-none-eabi-g++ -o "STSW-STLKT01-AudioLoop.elf" @"objects.list"   -mcpu=cortex-m4 -T"../LinkerScript.ld" --specs=nosys.specs -Wl,-Map="STSW-STLKT01-AudioLoop.map" -Wl,--gc-sections -static --specs=nano.specs -mfpu=fpv4-sp-d16 -mfloat-abi=hard -mthumb -Wl,--start-group -lc -lm -lstdc++ -lsupc++ -Wl,--end-group
Finished building target: STSW-STLKT01-AudioLoop.elf
 
arm-none-eabi-size   STSW-STLKT01-AudioLoop.elf 
   text	   data	    bss	    dec	    hex	filename
 318208	    504	 113480	 432192	  69840	STSW-STLKT01-AudioLoop.elf
Finished building: default.size.stdout
 
arm-none-eabi-objdump -h -S  STSW-STLKT01-AudioLoop.elf  > "STSW-STLKT01-AudioLoop.list"
Finished building: STSW-STLKT01-AudioLoop.list
 
arm-none-eabi-objcopy -O binary "STSW-STLKT01-AudioLoop.elf" "STSW-STLKT01-AudioLoop.bin"
 
16:04:06 **** Incremental Build of configuration Release for project STSW-STLKT01-AudioLoop ****
make all 
arm-none-eabi-g++ "/home/gaurav/STSW-STLKT01_V2.5.0/Projects/SensorTile/Applications/Optimized_Transformer_code-master/Src/main.cpp" -mcpu=cortex-m4 -std=gnu++14 -g3 -DUSE_HAL_DRIVER -DOSX_BMS_SENSORTILE -DSTM32L476xx -DUSE_STM32L4XX_NUCLEO -D__FPU_PRESENT=1 -DARM_MATH_CM4 -c -I../../../Inc -I../../../../../../../Middlewares/ST/STM32_USB_Device_Library/Class/AUDIO/Inc -I../../../../../../../Middlewares/ST/STM32_USB_Device_Library/Core/Inc -I../../../../../../../Drivers/CMSIS/Device/ST/STM32L4xx/Include -I../../../../../../../Drivers/STM32L4xx_HAL_Driver/Inc -I../../../../../../../Drivers/BSP/Components/Common -I../../../../../../../Drivers/BSP/SensorTile -I../../../../../../../Drivers/BSP/Components/pcm1774 -I../../../../../../../Drivers/CMSIS/Include -I/home/gaurav/STSW-STLKT01_V2.5.0/Projects/SensorTile/Applications/Optimized_Transformer_code-master/STM32CubeIDE/tensorflow/tensorflow/lite/micro/tools/make/downloads/cmsis/CMSIS/Core/Include -I/home/gaurav/STSW-STLKT01_V2.5.0/Projects/SensorTile/Applications/Optimized_Transformer_code-master/STM32CubeIDE/tensorflow/tensorflow/lite/micro/tools/make/downloads -I/home/gaurav/STSW-STLKT01_V2.5.0/Projects/SensorTile/Applications/Optimized_Transformer_code-master/STM32CubeIDE/third_party/flatbuffers/include -I/home/gaurav/STSW-STLKT01_V2.5.0/Projects/SensorTile/Applications/Optimized_Transformer_code-master/STM32CubeIDE/third_party/gemmlowp -I/home/gaurav/STSW-STLKT01_V2.5.0/Projects/SensorTile/Applications/Optimized_Transformer_code-master/STM32CubeIDE/tensorflow -I/home/gaurav/STSW-STLKT01_V2.5.0/Projects/SensorTile/Applications/Optimized_Transformer_code-master/STM32CubeIDE/third_party/ruy -I/home/gaurav/STSW-STLKT01_V2.5.0/Projects/SensorTile/Applications/Optimized_Transformer_code-master/Inc -O0 -ffunction-sections -fno-exceptions -fno-rtti -fno-use-cxa-atexit -Wall -fstack-usage -fcyclomatic-complexity -MMD -MP -MF"AudioLoop/User/main.d" -MT"AudioLoop/User/main.o" --specs=nano.specs -mfpu=fpv4-sp-d16 -mfloat-abi=hard -mthumb -o "AudioLoop/User/main.o"
/home/gaurav/STSW-STLKT01_V2.5.0/Projects/SensorTile/Applications/Optimized_Transformer_code-master/Src/main.cpp:13:1: warning: multi-line comment [-Wcomment]
   13 | //#define STLBLE_PRINTF(...) {\
      | ^
/home/gaurav/STSW-STLKT01_V2.5.0/Projects/SensorTile/Applications/Optimized_Transformer_code-master/Src/main.cpp: In function 'int main()':
/home/gaurav/STSW-STLKT01_V2.5.0/Projects/SensorTile/Applications/Optimized_Transformer_code-master/Src/main.cpp:54317:30: warning: unused variable 'invoke_status' [-Wunused-variable]
54317 |                 TfLiteStatus invoke_status = interpreter->Invoke();
      |                              ^~~~~~~~~~~~~
/home/gaurav/STSW-STLKT01_V2.5.0/Projects/SensorTile/Applications/Optimized_Transformer_code-master/Src/main.cpp:54293:22: warning: unused variable 'allocate_status' [-Wunused-variable]
54293 |         TfLiteStatus allocate_status = interpreter->AllocateTensors();
      |                      ^~~~~~~~~~~~~~~
/home/gaurav/STSW-STLKT01_V2.5.0/Projects/SensorTile/Applications/Optimized_Transformer_code-master/Src/main.cpp:54307:25: warning: variable 'elapsed' set but not used [-Wunused-but-set-variable]
54307 |         uint32_t start, elapsed;
      |                         ^~~~~~~
arm-none-eabi-g++ -o "STSW-STLKT01-AudioLoop.elf" @"objects.list"   -mcpu=cortex-m4 -T"../LinkerScript.ld" --specs=nosys.specs -Wl,-Map="STSW-STLKT01-AudioLoop.map" -Wl,--gc-sections -static --specs=nano.specs -mfpu=fpv4-sp-d16 -mfloat-abi=hard -mthumb -Wl,--start-group -lc -lm -lstdc++ -lsupc++ -Wl,--end-group
Finished building target: STSW-STLKT01-AudioLoop.elf
 
arm-none-eabi-size   STSW-STLKT01-AudioLoop.elf 
   text	   data	    bss	    dec	    hex	filename
 318208	    504	 113480	 432192	  69840	STSW-STLKT01-AudioLoop.elf
Finished building: default.size.stdout
 
arm-none-eabi-objdump -h -S  STSW-STLKT01-AudioLoop.elf  > "STSW-STLKT01-AudioLoop.list"
Finished building: STSW-STLKT01-AudioLoop.list
 
arm-none-eabi-objcopy -O binary "STSW-STLKT01-AudioLoop.elf" "STSW-STLKT01-AudioLoop.bin"
 
16:14:09 **** Incremental Build of configuration Release for project STSW-STLKT01-AudioLoop ****
make all 
arm-none-eabi-g++ -o "STSW-STLKT01-AudioLoop.elf" @"objects.list"   -mcpu=cortex-m4 -T"../LinkerScript.ld" --specs=nosys.specs -Wl,-Map="STSW-STLKT01-AudioLoop.map" -Wl,--gc-sections -static --specs=nano.specs -mfpu=fpv4-sp-d16 -mfloat-abi=hard -mthumb -Wl,--start-group -lc -lm -lstdc++ -lsupc++ -Wl,--end-group
Finished building target: STSW-STLKT01-AudioLoop.elf
 
arm-none-eabi-size   STSW-STLKT01-AudioLoop.elf 
   text	   data	    bss	    dec	    hex	filename
 318208	    504	 113480	 432192	  69840	STSW-STLKT01-AudioLoop.elf
Finished building: default.size.stdout
 
arm-none-eabi-objdump -h -S  STSW-STLKT01-AudioLoop.elf  > "STSW-STLKT01-AudioLoop.list"
Finished building: STSW-STLKT01-AudioLoop.list
 
arm-none-eabi-objcopy -O binary "STSW-STLKT01-AudioLoop.elf" "STSW-STLKT01-AudioLoop.bin"
 
16:17:45 **** Incremental Build of configuration Release for project STSW-STLKT01-AudioLoop ****
make all 
arm-none-eabi-size   STSW-STLKT01-AudioLoop.elf 
   text	   data	    bss	    dec	    hex	filename
 318208	    504	 113480	 432192	  69840	STSW-STLKT01-AudioLoop.elf
Finished building: default.size.stdout
 
arm-none-eabi-objcopy -O binary "STSW-STLKT01-AudioLoop.elf" "STSW-STLKT01-AudioLoop.bin"
 
16:23:12 **** Incremental Build of configuration Release for project STSW-STLKT01-AudioLoop ****
make all 
arm-none-eabi-g++ "/home/gaurav/STSW-STLKT01_V2.5.0/Projects/SensorTile/Applications/Optimized_Transformer_code-master/Src/main.cpp" -mcpu=cortex-m4 -std=gnu++14 -g3 -DUSE_HAL_DRIVER -DOSX_BMS_SENSORTILE -DSTM32L476xx -DUSE_STM32L4XX_NUCLEO -D__FPU_PRESENT=1 -DARM_MATH_CM4 -c -I../../../Inc -I../../../../../../../Middlewares/ST/STM32_USB_Device_Library/Class/AUDIO/Inc -I../../../../../../../Middlewares/ST/STM32_USB_Device_Library/Core/Inc -I../../../../../../../Drivers/CMSIS/Device/ST/STM32L4xx/Include -I../../../../../../../Drivers/STM32L4xx_HAL_Driver/Inc -I../../../../../../../Drivers/BSP/Components/Common -I../../../../../../../Drivers/BSP/SensorTile -I../../../../../../../Drivers/BSP/Components/pcm1774 -I../../../../../../../Drivers/CMSIS/Include -I/home/gaurav/STSW-STLKT01_V2.5.0/Projects/SensorTile/Applications/Optimized_Transformer_code-master/STM32CubeIDE/tensorflow/tensorflow/lite/micro/tools/make/downloads/cmsis/CMSIS/Core/Include -I/home/gaurav/STSW-STLKT01_V2.5.0/Projects/SensorTile/Applications/Optimized_Transformer_code-master/STM32CubeIDE/tensorflow/tensorflow/lite/micro/tools/make/downloads -I/home/gaurav/STSW-STLKT01_V2.5.0/Projects/SensorTile/Applications/Optimized_Transformer_code-master/STM32CubeIDE/third_party/flatbuffers/include -I/home/gaurav/STSW-STLKT01_V2.5.0/Projects/SensorTile/Applications/Optimized_Transformer_code-master/STM32CubeIDE/third_party/gemmlowp -I/home/gaurav/STSW-STLKT01_V2.5.0/Projects/SensorTile/Applications/Optimized_Transformer_code-master/STM32CubeIDE/tensorflow -I/home/gaurav/STSW-STLKT01_V2.5.0/Projects/SensorTile/Applications/Optimized_Transformer_code-master/STM32CubeIDE/third_party/ruy -I/home/gaurav/STSW-STLKT01_V2.5.0/Projects/SensorTile/Applications/Optimized_Transformer_code-master/Inc -O0 -ffunction-sections -fno-exceptions -fno-rtti -fno-use-cxa-atexit -Wall -fstack-usage -fcyclomatic-complexity -MMD -MP -MF"AudioLoop/User/main.d" -MT"AudioLoop/User/main.o" --specs=nano.specs -mfpu=fpv4-sp-d16 -mfloat-abi=hard -mthumb -o "AudioLoop/User/main.o"
/home/gaurav/STSW-STLKT01_V2.5.0/Projects/SensorTile/Applications/Optimized_Transformer_code-master/Src/main.cpp:13:1: warning: multi-line comment [-Wcomment]
   13 | //#define STLBLE_PRINTF(...) {\
      | ^
/home/gaurav/STSW-STLKT01_V2.5.0/Projects/SensorTile/Applications/Optimized_Transformer_code-master/Src/main.cpp: In function 'int main()':
/home/gaurav/STSW-STLKT01_V2.5.0/Projects/SensorTile/Applications/Optimized_Transformer_code-master/Src/main.cpp:54318:30: warning: unused variable 'invoke_status' [-Wunused-variable]
54318 |                 TfLiteStatus invoke_status = interpreter->Invoke();
      |                              ^~~~~~~~~~~~~
/home/gaurav/STSW-STLKT01_V2.5.0/Projects/SensorTile/Applications/Optimized_Transformer_code-master/Src/main.cpp:54294:22: warning: unused variable 'allocate_status' [-Wunused-variable]
54294 |         TfLiteStatus allocate_status = interpreter->AllocateTensors();
      |                      ^~~~~~~~~~~~~~~
/home/gaurav/STSW-STLKT01_V2.5.0/Projects/SensorTile/Applications/Optimized_Transformer_code-master/Src/main.cpp:54308:25: warning: variable 'elapsed' set but not used [-Wunused-but-set-variable]
54308 |         uint32_t start, elapsed;
      |                         ^~~~~~~
arm-none-eabi-g++ -o "STSW-STLKT01-AudioLoop.elf" @"objects.list"   -mcpu=cortex-m4 -T"../LinkerScript.ld" --specs=nosys.specs -Wl,-Map="STSW-STLKT01-AudioLoop.map" -Wl,--gc-sections -static --specs=nano.specs -mfpu=fpv4-sp-d16 -mfloat-abi=hard -mthumb -Wl,--start-group -lc -lm -lstdc++ -lsupc++ -Wl,--end-group
Finished building target: STSW-STLKT01-AudioLoop.elf
 
arm-none-eabi-size   STSW-STLKT01-AudioLoop.elf 
   text	   data	    bss	    dec	    hex	filename
 471632	   1152	 119480	 592264	  90988	STSW-STLKT01-AudioLoop.elf
Finished building: default.size.stdout
 
arm-none-eabi-objdump -h -S  STSW-STLKT01-AudioLoop.elf  > "STSW-STLKT01-AudioLoop.list"
Finished building: STSW-STLKT01-AudioLoop.list
 
arm-none-eabi-objcopy -O binary "STSW-STLKT01-AudioLoop.elf" "STSW-STLKT01-AudioLoop.bin"
 
16:28:55 **** Incremental Build of configuration Release for project STSW-STLKT01-AudioLoop ****
make all 
arm-none-eabi-size   STSW-STLKT01-AudioLoop.elf 
   text	   data	    bss	    dec	    hex	filename
 471632	   1152	 119480	 592264	  90988	STSW-STLKT01-AudioLoop.elf
Finished building: default.size.stdout
 
arm-none-eabi-objcopy -O binary "STSW-STLKT01-AudioLoop.elf" "STSW-STLKT01-AudioLoop.bin"
 
16:37:18 **** Incremental Build of configuration Release for project STSW-STLKT01-AudioLoop ****
make all 
arm-none-eabi-size   STSW-STLKT01-AudioLoop.elf 
   text	   data	    bss	    dec	    hex	filename
 471632	   1152	 119480	 592264	  90988	STSW-STLKT01-AudioLoop.elf
Finished building: default.size.stdout
 
arm-none-eabi-objcopy -O binary "STSW-STLKT01-AudioLoop.elf" "STSW-STLKT01-AudioLoop.bin"
 
16:50:24 **** Incremental Build of configuration Release for project STSW-STLKT01-AudioLoop ****
make all 
arm-none-eabi-g++ "/home/gaurav/STSW-STLKT01_V2.5.0/Projects/SensorTile/Applications/Optimized_Transformer_code-master/Src/main.cpp" -mcpu=cortex-m4 -std=gnu++14 -g3 -DUSE_HAL_DRIVER -DOSX_BMS_SENSORTILE -DSTM32L476xx -DUSE_STM32L4XX_NUCLEO -D__FPU_PRESENT=1 -DARM_MATH_CM4 -c -I../../../Inc -I../../../../../../../Middlewares/ST/STM32_USB_Device_Library/Class/AUDIO/Inc -I../../../../../../../Middlewares/ST/STM32_USB_Device_Library/Core/Inc -I../../../../../../../Drivers/CMSIS/Device/ST/STM32L4xx/Include -I../../../../../../../Drivers/STM32L4xx_HAL_Driver/Inc -I../../../../../../../Drivers/BSP/Components/Common -I../../../../../../../Drivers/BSP/SensorTile -I../../../../../../../Drivers/BSP/Components/pcm1774 -I../../../../../../../Drivers/CMSIS/Include -I/home/gaurav/STSW-STLKT01_V2.5.0/Projects/SensorTile/Applications/Optimized_Transformer_code-master/STM32CubeIDE/tensorflow/tensorflow/lite/micro/tools/make/downloads/cmsis/CMSIS/Core/Include -I/home/gaurav/STSW-STLKT01_V2.5.0/Projects/SensorTile/Applications/Optimized_Transformer_code-master/STM32CubeIDE/tensorflow/tensorflow/lite/micro/tools/make/downloads -I/home/gaurav/STSW-STLKT01_V2.5.0/Projects/SensorTile/Applications/Optimized_Transformer_code-master/STM32CubeIDE/third_party/flatbuffers/include -I/home/gaurav/STSW-STLKT01_V2.5.0/Projects/SensorTile/Applications/Optimized_Transformer_code-master/STM32CubeIDE/third_party/gemmlowp -I/home/gaurav/STSW-STLKT01_V2.5.0/Projects/SensorTile/Applications/Optimized_Transformer_code-master/STM32CubeIDE/tensorflow -I/home/gaurav/STSW-STLKT01_V2.5.0/Projects/SensorTile/Applications/Optimized_Transformer_code-master/STM32CubeIDE/third_party/ruy -I/home/gaurav/STSW-STLKT01_V2.5.0/Projects/SensorTile/Applications/Optimized_Transformer_code-master/Inc -O0 -ffunction-sections -fno-exceptions -fno-rtti -fno-use-cxa-atexit -Wall -fstack-usage -fcyclomatic-complexity -MMD -MP -MF"AudioLoop/User/main.d" -MT"AudioLoop/User/main.o" --specs=nano.specs -mfpu=fpv4-sp-d16 -mfloat-abi=hard -mthumb -o "AudioLoop/User/main.o"
/home/gaurav/STSW-STLKT01_V2.5.0/Projects/SensorTile/Applications/Optimized_Transformer_code-master/Src/main.cpp:14:1: warning: multi-line comment [-Wcomment]
   14 | //#define STLBLE_PRINTF(...) {\
      | ^
/home/gaurav/STSW-STLKT01_V2.5.0/Projects/SensorTile/Applications/Optimized_Transformer_code-master/Src/main.cpp: In function 'int main()':
/home/gaurav/STSW-STLKT01_V2.5.0/Projects/SensorTile/Applications/Optimized_Transformer_code-master/Src/main.cpp:54337:30: warning: unused variable 'invoke_status' [-Wunused-variable]
54337 |                 TfLiteStatus invoke_status = interpreter->Invoke();
      |                              ^~~~~~~~~~~~~
/home/gaurav/STSW-STLKT01_V2.5.0/Projects/SensorTile/Applications/Optimized_Transformer_code-master/Src/main.cpp:54313:22: warning: unused variable 'allocate_status' [-Wunused-variable]
54313 |         TfLiteStatus allocate_status = interpreter->AllocateTensors();
      |                      ^~~~~~~~~~~~~~~
/home/gaurav/STSW-STLKT01_V2.5.0/Projects/SensorTile/Applications/Optimized_Transformer_code-master/Src/main.cpp:54327:25: warning: variable 'elapsed' set but not used [-Wunused-but-set-variable]
54327 |         uint32_t start, elapsed;
      |                         ^~~~~~~
arm-none-eabi-g++ -o "STSW-STLKT01-AudioLoop.elf" @"objects.list"   -mcpu=cortex-m4 -T"../LinkerScript.ld" --specs=nosys.specs -Wl,-Map="STSW-STLKT01-AudioLoop.map" -Wl,--gc-sections -static --specs=nano.specs -mfpu=fpv4-sp-d16 -mfloat-abi=hard -mthumb -Wl,--start-group -lc -lm -lstdc++ -lsupc++ -Wl,--end-group
Finished building target: STSW-STLKT01-AudioLoop.elf
 
arm-none-eabi-size   STSW-STLKT01-AudioLoop.elf 
   text	   data	    bss	    dec	    hex	filename
 477944	   1152	 119480	 598576	  92230	STSW-STLKT01-AudioLoop.elf
Finished building: default.size.stdout
 
arm-none-eabi-objdump -h -S  STSW-STLKT01-AudioLoop.elf  > "STSW-STLKT01-AudioLoop.list"
Finished building: STSW-STLKT01-AudioLoop.list
 
arm-none-eabi-objcopy -O binary "STSW-STLKT01-AudioLoop.elf" "STSW-STLKT01-AudioLoop.bin"
 
16:53:33 **** Incremental Build of configuration Release for project STSW-STLKT01-AudioLoop ****
make all 
arm-none-eabi-size   STSW-STLKT01-AudioLoop.elf 
   text	   data	    bss	    dec	    hex	filename
 477944	   1152	 119480	 598576	  92230	STSW-STLKT01-AudioLoop.elf
Finished building: default.size.stdout
 
arm-none-eabi-objcopy -O binary "STSW-STLKT01-AudioLoop.elf" "STSW-STLKT01-AudioLoop.bin"
 
18:20:38 **** Incremental Build of configuration Release for project STSW-STLKT01-AudioLoop ****
make all 
arm-none-eabi-size   STSW-STLKT01-AudioLoop.elf 
   text	   data	    bss	    dec	    hex	filename
 477944	   1152	 119480	 598576	  92230	STSW-STLKT01-AudioLoop.elf
Finished building: default.size.stdout
 
arm-none-eabi-objcopy -O binary "STSW-STLKT01-AudioLoop.elf" "STSW-STLKT01-AudioLoop.bin"
 
18:34:16 **** Incremental Build of configuration Release for project STSW-STLKT01-AudioLoop ****
make all 
arm-none-eabi-g++ "/home/gaurav/STSW-STLKT01_V2.5.0/Projects/SensorTile/Applications/Optimized_Transformer_code-master/Src/main.cpp" -mcpu=cortex-m4 -std=gnu++14 -g3 -DUSE_HAL_DRIVER -DOSX_BMS_SENSORTILE -DSTM32L476xx -DUSE_STM32L4XX_NUCLEO -D__FPU_PRESENT=1 -DARM_MATH_CM4 -c -I../../../Inc -I../../../../../../../Middlewares/ST/STM32_USB_Device_Library/Class/AUDIO/Inc -I../../../../../../../Middlewares/ST/STM32_USB_Device_Library/Core/Inc -I../../../../../../../Drivers/CMSIS/Device/ST/STM32L4xx/Include -I../../../../../../../Drivers/STM32L4xx_HAL_Driver/Inc -I../../../../../../../Drivers/BSP/Components/Common -I../../../../../../../Drivers/BSP/SensorTile -I../../../../../../../Drivers/BSP/Components/pcm1774 -I../../../../../../../Drivers/CMSIS/Include -I/home/gaurav/STSW-STLKT01_V2.5.0/Projects/SensorTile/Applications/Optimized_Transformer_code-master/STM32CubeIDE/tensorflow/tensorflow/lite/micro/tools/make/downloads/cmsis/CMSIS/Core/Include -I/home/gaurav/STSW-STLKT01_V2.5.0/Projects/SensorTile/Applications/Optimized_Transformer_code-master/STM32CubeIDE/tensorflow/tensorflow/lite/micro/tools/make/downloads -I/home/gaurav/STSW-STLKT01_V2.5.0/Projects/SensorTile/Applications/Optimized_Transformer_code-master/STM32CubeIDE/third_party/flatbuffers/include -I/home/gaurav/STSW-STLKT01_V2.5.0/Projects/SensorTile/Applications/Optimized_Transformer_code-master/STM32CubeIDE/third_party/gemmlowp -I/home/gaurav/STSW-STLKT01_V2.5.0/Projects/SensorTile/Applications/Optimized_Transformer_code-master/STM32CubeIDE/tensorflow -I/home/gaurav/STSW-STLKT01_V2.5.0/Projects/SensorTile/Applications/Optimized_Transformer_code-master/STM32CubeIDE/third_party/ruy -I/home/gaurav/STSW-STLKT01_V2.5.0/Projects/SensorTile/Applications/Optimized_Transformer_code-master/Inc -O0 -ffunction-sections -fno-exceptions -fno-rtti -fno-use-cxa-atexit -Wall -fstack-usage -fcyclomatic-complexity -MMD -MP -MF"AudioLoop/User/main.d" -MT"AudioLoop/User/main.o" --specs=nano.specs -mfpu=fpv4-sp-d16 -mfloat-abi=hard -mthumb -o "AudioLoop/User/main.o"
/home/gaurav/STSW-STLKT01_V2.5.0/Projects/SensorTile/Applications/Optimized_Transformer_code-master/Src/main.cpp:12:1: warning: multi-line comment [-Wcomment]
   12 | //#define STLBLE_PRINTF(...) {\
      | ^
/home/gaurav/STSW-STLKT01_V2.5.0/Projects/SensorTile/Applications/Optimized_Transformer_code-master/Src/main.cpp: In function 'int main()':
/home/gaurav/STSW-STLKT01_V2.5.0/Projects/SensorTile/Applications/Optimized_Transformer_code-master/Src/main.cpp:54332:30: warning: unused variable 'invoke_status' [-Wunused-variable]
54332 |                 TfLiteStatus invoke_status = interpreter->Invoke();
      |                              ^~~~~~~~~~~~~
/home/gaurav/STSW-STLKT01_V2.5.0/Projects/SensorTile/Applications/Optimized_Transformer_code-master/Src/main.cpp:54308:22: warning: unused variable 'allocate_status' [-Wunused-variable]
54308 |         TfLiteStatus allocate_status = interpreter->AllocateTensors();
      |                      ^~~~~~~~~~~~~~~
/home/gaurav/STSW-STLKT01_V2.5.0/Projects/SensorTile/Applications/Optimized_Transformer_code-master/Src/main.cpp:54322:25: warning: variable 'elapsed' set but not used [-Wunused-but-set-variable]
54322 |         uint32_t start, elapsed;
      |                         ^~~~~~~
arm-none-eabi-g++ -o "STSW-STLKT01-AudioLoop.elf" @"objects.list"   -mcpu=cortex-m4 -T"../LinkerScript.ld" --specs=nosys.specs -Wl,-Map="STSW-STLKT01-AudioLoop.map" -Wl,--gc-sections -static --specs=nano.specs -mfpu=fpv4-sp-d16 -mfloat-abi=hard -mthumb -Wl,--start-group -lc -lm -lstdc++ -lsupc++ -Wl,--end-group
Finished building target: STSW-STLKT01-AudioLoop.elf
 
arm-none-eabi-size   STSW-STLKT01-AudioLoop.elf 
   text	   data	    bss	    dec	    hex	filename
 650848	    504	 113480	 764832	  baba0	STSW-STLKT01-AudioLoop.elf
Finished building: default.size.stdout
 
arm-none-eabi-objdump -h -S  STSW-STLKT01-AudioLoop.elf  > "STSW-STLKT01-AudioLoop.list"
Finished building: STSW-STLKT01-AudioLoop.list
 
arm-none-eabi-objcopy -O binary "STSW-STLKT01-AudioLoop.elf" "STSW-STLKT01-AudioLoop.bin"
 
18:36:06 **** Incremental Build of configuration Release for project STSW-STLKT01-AudioLoop ****
make all 
arm-none-eabi-size   STSW-STLKT01-AudioLoop.elf 
   text	   data	    bss	    dec	    hex	filename
 650848	    504	 113480	 764832	  baba0	STSW-STLKT01-AudioLoop.elf
Finished building: default.size.stdout
 
arm-none-eabi-objcopy -O binary "STSW-STLKT01-AudioLoop.elf" "STSW-STLKT01-AudioLoop.bin"
 
18:39:59 **** Incremental Build of configuration Release for project STSW-STLKT01-AudioLoop ****
make all 
arm-none-eabi-size   STSW-STLKT01-AudioLoop.elf 
   text	   data	    bss	    dec	    hex	filename
 650848	    504	 113480	 764832	  baba0	STSW-STLKT01-AudioLoop.elf
Finished building: default.size.stdout
 
arm-none-eabi-objcopy -O binary "STSW-STLKT01-AudioLoop.elf" "STSW-STLKT01-AudioLoop.bin"
 
18:46:52 **** Incremental Build of configuration Release for project STSW-STLKT01-AudioLoop ****
make all 
arm-none-eabi-g++ "/home/gaurav/STSW-STLKT01_V2.5.0/Projects/SensorTile/Applications/Optimized_Transformer_code-master/Src/main.cpp" -mcpu=cortex-m4 -std=gnu++14 -g3 -DUSE_HAL_DRIVER -DOSX_BMS_SENSORTILE -DSTM32L476xx -DUSE_STM32L4XX_NUCLEO -D__FPU_PRESENT=1 -DARM_MATH_CM4 -c -I../../../Inc -I../../../../../../../Middlewares/ST/STM32_USB_Device_Library/Class/AUDIO/Inc -I../../../../../../../Middlewares/ST/STM32_USB_Device_Library/Core/Inc -I../../../../../../../Drivers/CMSIS/Device/ST/STM32L4xx/Include -I../../../../../../../Drivers/STM32L4xx_HAL_Driver/Inc -I../../../../../../../Drivers/BSP/Components/Common -I../../../../../../../Drivers/BSP/SensorTile -I../../../../../../../Drivers/BSP/Components/pcm1774 -I../../../../../../../Drivers/CMSIS/Include -I/home/gaurav/STSW-STLKT01_V2.5.0/Projects/SensorTile/Applications/Optimized_Transformer_code-master/STM32CubeIDE/tensorflow/tensorflow/lite/micro/tools/make/downloads/cmsis/CMSIS/Core/Include -I/home/gaurav/STSW-STLKT01_V2.5.0/Projects/SensorTile/Applications/Optimized_Transformer_code-master/STM32CubeIDE/tensorflow/tensorflow/lite/micro/tools/make/downloads -I/home/gaurav/STSW-STLKT01_V2.5.0/Projects/SensorTile/Applications/Optimized_Transformer_code-master/STM32CubeIDE/third_party/flatbuffers/include -I/home/gaurav/STSW-STLKT01_V2.5.0/Projects/SensorTile/Applications/Optimized_Transformer_code-master/STM32CubeIDE/third_party/gemmlowp -I/home/gaurav/STSW-STLKT01_V2.5.0/Projects/SensorTile/Applications/Optimized_Transformer_code-master/STM32CubeIDE/tensorflow -I/home/gaurav/STSW-STLKT01_V2.5.0/Projects/SensorTile/Applications/Optimized_Transformer_code-master/STM32CubeIDE/third_party/ruy -I/home/gaurav/STSW-STLKT01_V2.5.0/Projects/SensorTile/Applications/Optimized_Transformer_code-master/Inc -O0 -ffunction-sections -fno-exceptions -fno-rtti -fno-use-cxa-atexit -Wall -fstack-usage -fcyclomatic-complexity -MMD -MP -MF"AudioLoop/User/main.d" -MT"AudioLoop/User/main.o" --specs=nano.specs -mfpu=fpv4-sp-d16 -mfloat-abi=hard -mthumb -o "AudioLoop/User/main.o"
/home/gaurav/STSW-STLKT01_V2.5.0/Projects/SensorTile/Applications/Optimized_Transformer_code-master/Src/main.cpp:12:1: warning: multi-line comment [-Wcomment]
   12 | //#define STLBLE_PRINTF(...) {\
      | ^
/home/gaurav/STSW-STLKT01_V2.5.0/Projects/SensorTile/Applications/Optimized_Transformer_code-master/Src/main.cpp: In function 'int main()':
/home/gaurav/STSW-STLKT01_V2.5.0/Projects/SensorTile/Applications/Optimized_Transformer_code-master/Src/main.cpp:54229:14: error: 'cout' is not a member of 'std'
54229 |         std::cout << "######################hi there just checking" << std::endl;
      |              ^~~~
/home/gaurav/STSW-STLKT01_V2.5.0/Projects/SensorTile/Applications/Optimized_Transformer_code-master/Src/main.cpp:9:1: note: 'std::cout' is defined in header '<iostream>'; did you forget to '#include <iostream>'?
    8 | #include "tensorflow/lite/version.h"
  +++ |+#include <iostream>
    9 | //#define FILL_BUFFER_SIZE 640
/home/gaurav/STSW-STLKT01_V2.5.0/Projects/SensorTile/Applications/Optimized_Transformer_code-master/Src/main.cpp:54230:10: error: 'Open' was not declared in this scope
54230 |          Open a file named "output.txt" for writing
      |          ^~~~
/home/gaurav/STSW-STLKT01_V2.5.0/Projects/SensorTile/Applications/Optimized_Transformer_code-master/Src/main.cpp:54234:17: error: 'outputFile' was not declared in this scope
54234 |             if (outputFile.is_open()) {
      |                 ^~~~~~~~~~
/home/gaurav/STSW-STLKT01_V2.5.0/Projects/SensorTile/Applications/Optimized_Transformer_code-master/Src/main.cpp:54332:30: warning: unused variable 'invoke_status' [-Wunused-variable]
54332 |                 TfLiteStatus invoke_status = interpreter->Invoke();
      |                              ^~~~~~~~~~~~~
/home/gaurav/STSW-STLKT01_V2.5.0/Projects/SensorTile/Applications/Optimized_Transformer_code-master/Src/main.cpp:54308:22: warning: unused variable 'allocate_status' [-Wunused-variable]
54308 |         TfLiteStatus allocate_status = interpreter->AllocateTensors();
      |                      ^~~~~~~~~~~~~~~
make[1]: *** [AudioLoop/User/subdir.mk:93: AudioLoop/User/main.o] Error 1
make: *** [makefile:97: all] Error 2
"make all" terminated with exit code 2. Build might be incomplete.
18:57:48 **** Incremental Build of configuration Release for project STSW-STLKT01-AudioLoop ****
make all 
arm-none-eabi-g++ "/home/gaurav/STSW-STLKT01_V2.5.0/Projects/SensorTile/Applications/Optimized_Transformer_code-master/Src/main.cpp" -mcpu=cortex-m4 -std=gnu++14 -g3 -DUSE_HAL_DRIVER -DOSX_BMS_SENSORTILE -DSTM32L476xx -DUSE_STM32L4XX_NUCLEO -D__FPU_PRESENT=1 -DARM_MATH_CM4 -c -I../../../Inc -I../../../../../../../Middlewares/ST/STM32_USB_Device_Library/Class/AUDIO/Inc -I../../../../../../../Middlewares/ST/STM32_USB_Device_Library/Core/Inc -I../../../../../../../Drivers/CMSIS/Device/ST/STM32L4xx/Include -I../../../../../../../Drivers/STM32L4xx_HAL_Driver/Inc -I../../../../../../../Drivers/BSP/Components/Common -I../../../../../../../Drivers/BSP/SensorTile -I../../../../../../../Drivers/BSP/Components/pcm1774 -I../../../../../../../Drivers/CMSIS/Include -I/home/gaurav/STSW-STLKT01_V2.5.0/Projects/SensorTile/Applications/Optimized_Transformer_code-master/STM32CubeIDE/tensorflow/tensorflow/lite/micro/tools/make/downloads/cmsis/CMSIS/Core/Include -I/home/gaurav/STSW-STLKT01_V2.5.0/Projects/SensorTile/Applications/Optimized_Transformer_code-master/STM32CubeIDE/tensorflow/tensorflow/lite/micro/tools/make/downloads -I/home/gaurav/STSW-STLKT01_V2.5.0/Projects/SensorTile/Applications/Optimized_Transformer_code-master/STM32CubeIDE/third_party/flatbuffers/include -I/home/gaurav/STSW-STLKT01_V2.5.0/Projects/SensorTile/Applications/Optimized_Transformer_code-master/STM32CubeIDE/third_party/gemmlowp -I/home/gaurav/STSW-STLKT01_V2.5.0/Projects/SensorTile/Applications/Optimized_Transformer_code-master/STM32CubeIDE/tensorflow -I/home/gaurav/STSW-STLKT01_V2.5.0/Projects/SensorTile/Applications/Optimized_Transformer_code-master/STM32CubeIDE/third_party/ruy -I/home/gaurav/STSW-STLKT01_V2.5.0/Projects/SensorTile/Applications/Optimized_Transformer_code-master/Inc -O0 -ffunction-sections -fno-exceptions -fno-rtti -fno-use-cxa-atexit -Wall -fstack-usage -fcyclomatic-complexity -MMD -MP -MF"AudioLoop/User/main.d" -MT"AudioLoop/User/main.o" --specs=nano.specs -mfpu=fpv4-sp-d16 -mfloat-abi=hard -mthumb -o "AudioLoop/User/main.o"
/home/gaurav/STSW-STLKT01_V2.5.0/Projects/SensorTile/Applications/Optimized_Transformer_code-master/Src/main.cpp:15:1: warning: multi-line comment [-Wcomment]
   15 | //#define STLBLE_PRINTF(...) {\
      | ^
/home/gaurav/STSW-STLKT01_V2.5.0/Projects/SensorTile/Applications/Optimized_Transformer_code-master/Src/main.cpp: In function 'int main()':
/home/gaurav/STSW-STLKT01_V2.5.0/Projects/SensorTile/Applications/Optimized_Transformer_code-master/Src/main.cpp:54233:10: error: 'Open' was not declared in this scope
54233 |          Open a file named "output.txt" for writing
      |          ^~~~
/home/gaurav/STSW-STLKT01_V2.5.0/Projects/SensorTile/Applications/Optimized_Transformer_code-master/Src/main.cpp:54237:17: error: 'outputFile' was not declared in this scope
54237 |             if (outputFile.is_open()) {
      |                 ^~~~~~~~~~
/home/gaurav/STSW-STLKT01_V2.5.0/Projects/SensorTile/Applications/Optimized_Transformer_code-master/Src/main.cpp:54335:30: warning: unused variable 'invoke_status' [-Wunused-variable]
54335 |                 TfLiteStatus invoke_status = interpreter->Invoke();
      |                              ^~~~~~~~~~~~~
/home/gaurav/STSW-STLKT01_V2.5.0/Projects/SensorTile/Applications/Optimized_Transformer_code-master/Src/main.cpp:54311:22: warning: unused variable 'allocate_status' [-Wunused-variable]
54311 |         TfLiteStatus allocate_status = interpreter->AllocateTensors();
      |                      ^~~~~~~~~~~~~~~
make[1]: *** [AudioLoop/User/subdir.mk:93: AudioLoop/User/main.o] Error 1
make: *** [makefile:97: all] Error 2
"make all" terminated with exit code 2. Build might be incomplete.
18:59:10 **** Incremental Build of configuration Release for project STSW-STLKT01-AudioLoop ****
make all 
arm-none-eabi-g++ "/home/gaurav/STSW-STLKT01_V2.5.0/Projects/SensorTile/Applications/Optimized_Transformer_code-master/Src/main.cpp" -mcpu=cortex-m4 -std=gnu++14 -g3 -DUSE_HAL_DRIVER -DOSX_BMS_SENSORTILE -DSTM32L476xx -DUSE_STM32L4XX_NUCLEO -D__FPU_PRESENT=1 -DARM_MATH_CM4 -c -I../../../Inc -I../../../../../../../Middlewares/ST/STM32_USB_Device_Library/Class/AUDIO/Inc -I../../../../../../../Middlewares/ST/STM32_USB_Device_Library/Core/Inc -I../../../../../../../Drivers/CMSIS/Device/ST/STM32L4xx/Include -I../../../../../../../Drivers/STM32L4xx_HAL_Driver/Inc -I../../../../../../../Drivers/BSP/Components/Common -I../../../../../../../Drivers/BSP/SensorTile -I../../../../../../../Drivers/BSP/Components/pcm1774 -I../../../../../../../Drivers/CMSIS/Include -I/home/gaurav/STSW-STLKT01_V2.5.0/Projects/SensorTile/Applications/Optimized_Transformer_code-master/STM32CubeIDE/tensorflow/tensorflow/lite/micro/tools/make/downloads/cmsis/CMSIS/Core/Include -I/home/gaurav/STSW-STLKT01_V2.5.0/Projects/SensorTile/Applications/Optimized_Transformer_code-master/STM32CubeIDE/tensorflow/tensorflow/lite/micro/tools/make/downloads -I/home/gaurav/STSW-STLKT01_V2.5.0/Projects/SensorTile/Applications/Optimized_Transformer_code-master/STM32CubeIDE/third_party/flatbuffers/include -I/home/gaurav/STSW-STLKT01_V2.5.0/Projects/SensorTile/Applications/Optimized_Transformer_code-master/STM32CubeIDE/third_party/gemmlowp -I/home/gaurav/STSW-STLKT01_V2.5.0/Projects/SensorTile/Applications/Optimized_Transformer_code-master/STM32CubeIDE/tensorflow -I/home/gaurav/STSW-STLKT01_V2.5.0/Projects/SensorTile/Applications/Optimized_Transformer_code-master/STM32CubeIDE/third_party/ruy -I/home/gaurav/STSW-STLKT01_V2.5.0/Projects/SensorTile/Applications/Optimized_Transformer_code-master/Inc -O0 -ffunction-sections -fno-exceptions -fno-rtti -fno-use-cxa-atexit -Wall -fstack-usage -fcyclomatic-complexity -MMD -MP -MF"AudioLoop/User/main.d" -MT"AudioLoop/User/main.o" --specs=nano.specs -mfpu=fpv4-sp-d16 -mfloat-abi=hard -mthumb -o "AudioLoop/User/main.o"
/home/gaurav/STSW-STLKT01_V2.5.0/Projects/SensorTile/Applications/Optimized_Transformer_code-master/Src/main.cpp:15:1: warning: multi-line comment [-Wcomment]
   15 | //#define STLBLE_PRINTF(...) {\
      | ^
/home/gaurav/STSW-STLKT01_V2.5.0/Projects/SensorTile/Applications/Optimized_Transformer_code-master/Src/main.cpp: In function 'int main()':
/home/gaurav/STSW-STLKT01_V2.5.0/Projects/SensorTile/Applications/Optimized_Transformer_code-master/Src/main.cpp:54335:30: warning: unused variable 'invoke_status' [-Wunused-variable]
54335 |                 TfLiteStatus invoke_status = interpreter->Invoke();
      |                              ^~~~~~~~~~~~~
/home/gaurav/STSW-STLKT01_V2.5.0/Projects/SensorTile/Applications/Optimized_Transformer_code-master/Src/main.cpp:54311:22: warning: unused variable 'allocate_status' [-Wunused-variable]
54311 |         TfLiteStatus allocate_status = interpreter->AllocateTensors();
      |                      ^~~~~~~~~~~~~~~
/home/gaurav/STSW-STLKT01_V2.5.0/Projects/SensorTile/Applications/Optimized_Transformer_code-master/Src/main.cpp:54325:25: warning: variable 'elapsed' set but not used [-Wunused-but-set-variable]
54325 |         uint32_t start, elapsed;
      |                         ^~~~~~~
arm-none-eabi-g++ -o "STSW-STLKT01-AudioLoop.elf" @"objects.list"   -mcpu=cortex-m4 -T"../LinkerScript.ld" --specs=nosys.specs -Wl,-Map="STSW-STLKT01-AudioLoop.map" -Wl,--gc-sections -static --specs=nano.specs -mfpu=fpv4-sp-d16 -mfloat-abi=hard -mthumb -Wl,--start-group -lc -lm -lstdc++ -lsupc++ -Wl,--end-group
Finished building target: STSW-STLKT01-AudioLoop.elf
 
arm-none-eabi-size   STSW-STLKT01-AudioLoop.elf 
   text	   data	    bss	    dec	    hex	filename
 477808	   1152	 119480	 598440	  921a8	STSW-STLKT01-AudioLoop.elf
Finished building: default.size.stdout
 
arm-none-eabi-objdump -h -S  STSW-STLKT01-AudioLoop.elf  > "STSW-STLKT01-AudioLoop.list"
Finished building: STSW-STLKT01-AudioLoop.list
 
arm-none-eabi-objcopy -O binary "STSW-STLKT01-AudioLoop.elf" "STSW-STLKT01-AudioLoop.bin"
 
19:02:43 **** Incremental Build of configuration Release for project STSW-STLKT01-AudioLoop ****
make all 
arm-none-eabi-size   STSW-STLKT01-AudioLoop.elf 
   text	   data	    bss	    dec	    hex	filename
 477808	   1152	 119480	 598440	  921a8	STSW-STLKT01-AudioLoop.elf
Finished building: default.size.stdout
 
arm-none-eabi-objcopy -O binary "STSW-STLKT01-AudioLoop.elf" "STSW-STLKT01-AudioLoop.bin"
 
19:07:28 **** Incremental Build of configuration Release for project STSW-STLKT01-AudioLoop ****
make all 
arm-none-eabi-size   STSW-STLKT01-AudioLoop.elf 
   text	   data	    bss	    dec	    hex	filename
 477808	   1152	 119480	 598440	  921a8	STSW-STLKT01-AudioLoop.elf
Finished building: default.size.stdout
 
arm-none-eabi-objcopy -O binary "STSW-STLKT01-AudioLoop.elf" "STSW-STLKT01-AudioLoop.bin"
 
19:10:52 **** Incremental Build of configuration Release for project STSW-STLKT01-AudioLoop ****
make all 
arm-none-eabi-g++ "/home/gaurav/STSW-STLKT01_V2.5.0/Projects/SensorTile/Applications/Optimized_Transformer_code-master/Src/main.cpp" -mcpu=cortex-m4 -std=gnu++14 -g3 -DUSE_HAL_DRIVER -DOSX_BMS_SENSORTILE -DSTM32L476xx -DUSE_STM32L4XX_NUCLEO -D__FPU_PRESENT=1 -DARM_MATH_CM4 -c -I../../../Inc -I../../../../../../../Middlewares/ST/STM32_USB_Device_Library/Class/AUDIO/Inc -I../../../../../../../Middlewares/ST/STM32_USB_Device_Library/Core/Inc -I../../../../../../../Drivers/CMSIS/Device/ST/STM32L4xx/Include -I../../../../../../../Drivers/STM32L4xx_HAL_Driver/Inc -I../../../../../../../Drivers/BSP/Components/Common -I../../../../../../../Drivers/BSP/SensorTile -I../../../../../../../Drivers/BSP/Components/pcm1774 -I../../../../../../../Drivers/CMSIS/Include -I/home/gaurav/STSW-STLKT01_V2.5.0/Projects/SensorTile/Applications/Optimized_Transformer_code-master/STM32CubeIDE/tensorflow/tensorflow/lite/micro/tools/make/downloads/cmsis/CMSIS/Core/Include -I/home/gaurav/STSW-STLKT01_V2.5.0/Projects/SensorTile/Applications/Optimized_Transformer_code-master/STM32CubeIDE/tensorflow/tensorflow/lite/micro/tools/make/downloads -I/home/gaurav/STSW-STLKT01_V2.5.0/Projects/SensorTile/Applications/Optimized_Transformer_code-master/STM32CubeIDE/third_party/flatbuffers/include -I/home/gaurav/STSW-STLKT01_V2.5.0/Projects/SensorTile/Applications/Optimized_Transformer_code-master/STM32CubeIDE/third_party/gemmlowp -I/home/gaurav/STSW-STLKT01_V2.5.0/Projects/SensorTile/Applications/Optimized_Transformer_code-master/STM32CubeIDE/tensorflow -I/home/gaurav/STSW-STLKT01_V2.5.0/Projects/SensorTile/Applications/Optimized_Transformer_code-master/STM32CubeIDE/third_party/ruy -I/home/gaurav/STSW-STLKT01_V2.5.0/Projects/SensorTile/Applications/Optimized_Transformer_code-master/Inc -O0 -ffunction-sections -fno-exceptions -fno-rtti -fno-use-cxa-atexit -Wall -fstack-usage -fcyclomatic-complexity -MMD -MP -MF"AudioLoop/User/main.d" -MT"AudioLoop/User/main.o" --specs=nano.specs -mfpu=fpv4-sp-d16 -mfloat-abi=hard -mthumb -o "AudioLoop/User/main.o"
/home/gaurav/STSW-STLKT01_V2.5.0/Projects/SensorTile/Applications/Optimized_Transformer_code-master/Src/main.cpp:15:1: warning: multi-line comment [-Wcomment]
   15 | //#define STLBLE_PRINTF(...) {\
      | ^
/home/gaurav/STSW-STLKT01_V2.5.0/Projects/SensorTile/Applications/Optimized_Transformer_code-master/Src/main.cpp: In function 'int main()':
/home/gaurav/STSW-STLKT01_V2.5.0/Projects/SensorTile/Applications/Optimized_Transformer_code-master/Src/main.cpp:54336:30: warning: unused variable 'invoke_status' [-Wunused-variable]
54336 |                 TfLiteStatus invoke_status = interpreter->Invoke();
      |                              ^~~~~~~~~~~~~
/home/gaurav/STSW-STLKT01_V2.5.0/Projects/SensorTile/Applications/Optimized_Transformer_code-master/Src/main.cpp:54312:22: warning: unused variable 'allocate_status' [-Wunused-variable]
54312 |         TfLiteStatus allocate_status = interpreter->AllocateTensors();
      |                      ^~~~~~~~~~~~~~~
/home/gaurav/STSW-STLKT01_V2.5.0/Projects/SensorTile/Applications/Optimized_Transformer_code-master/Src/main.cpp:54326:25: warning: variable 'elapsed' set but not used [-Wunused-but-set-variable]
54326 |         uint32_t start, elapsed;
      |                         ^~~~~~~
arm-none-eabi-g++ -o "STSW-STLKT01-AudioLoop.elf" @"objects.list"   -mcpu=cortex-m4 -T"../LinkerScript.ld" --specs=nosys.specs -Wl,-Map="STSW-STLKT01-AudioLoop.map" -Wl,--gc-sections -static --specs=nano.specs -mfpu=fpv4-sp-d16 -mfloat-abi=hard -mthumb -Wl,--start-group -lc -lm -lstdc++ -lsupc++ -Wl,--end-group
Finished building target: STSW-STLKT01-AudioLoop.elf
 
arm-none-eabi-size   STSW-STLKT01-AudioLoop.elf 
   text	   data	    bss	    dec	    hex	filename
 318208	    504	 113480	 432192	  69840	STSW-STLKT01-AudioLoop.elf
Finished building: default.size.stdout
 
arm-none-eabi-objdump -h -S  STSW-STLKT01-AudioLoop.elf  > "STSW-STLKT01-AudioLoop.list"
Finished building: STSW-STLKT01-AudioLoop.list
 
arm-none-eabi-objcopy -O binary "STSW-STLKT01-AudioLoop.elf" "STSW-STLKT01-AudioLoop.bin"
 
19:13:02 **** Incremental Build of configuration Release for project STSW-STLKT01-AudioLoop ****
make all 
arm-none-eabi-size   STSW-STLKT01-AudioLoop.elf 
   text	   data	    bss	    dec	    hex	filename
 318208	    504	 113480	 432192	  69840	STSW-STLKT01-AudioLoop.elf
Finished building: default.size.stdout
 
arm-none-eabi-objcopy -O binary "STSW-STLKT01-AudioLoop.elf" "STSW-STLKT01-AudioLoop.bin"
 
19:33:17 **** Incremental Build of configuration Release for project STSW-STLKT01-AudioLoop ****
make all 
arm-none-eabi-g++ "/home/gaurav/STSW-STLKT01_V2.5.0/Projects/SensorTile/Applications/Optimized_Transformer_code-master/Src/main.cpp" -mcpu=cortex-m4 -std=gnu++14 -g3 -DUSE_HAL_DRIVER -DOSX_BMS_SENSORTILE -DSTM32L476xx -DUSE_STM32L4XX_NUCLEO -D__FPU_PRESENT=1 -DARM_MATH_CM4 -c -I../../../Inc -I../../../../../../../Middlewares/ST/STM32_USB_Device_Library/Class/AUDIO/Inc -I../../../../../../../Middlewares/ST/STM32_USB_Device_Library/Core/Inc -I../../../../../../../Drivers/CMSIS/Device/ST/STM32L4xx/Include -I../../../../../../../Drivers/STM32L4xx_HAL_Driver/Inc -I../../../../../../../Drivers/BSP/Components/Common -I../../../../../../../Drivers/BSP/SensorTile -I../../../../../../../Drivers/BSP/Components/pcm1774 -I../../../../../../../Drivers/CMSIS/Include -I/home/gaurav/STSW-STLKT01_V2.5.0/Projects/SensorTile/Applications/Optimized_Transformer_code-master/STM32CubeIDE/tensorflow/tensorflow/lite/micro/tools/make/downloads/cmsis/CMSIS/Core/Include -I/home/gaurav/STSW-STLKT01_V2.5.0/Projects/SensorTile/Applications/Optimized_Transformer_code-master/STM32CubeIDE/tensorflow/tensorflow/lite/micro/tools/make/downloads -I/home/gaurav/STSW-STLKT01_V2.5.0/Projects/SensorTile/Applications/Optimized_Transformer_code-master/STM32CubeIDE/third_party/flatbuffers/include -I/home/gaurav/STSW-STLKT01_V2.5.0/Projects/SensorTile/Applications/Optimized_Transformer_code-master/STM32CubeIDE/third_party/gemmlowp -I/home/gaurav/STSW-STLKT01_V2.5.0/Projects/SensorTile/Applications/Optimized_Transformer_code-master/STM32CubeIDE/tensorflow -I/home/gaurav/STSW-STLKT01_V2.5.0/Projects/SensorTile/Applications/Optimized_Transformer_code-master/STM32CubeIDE/third_party/ruy -I/home/gaurav/STSW-STLKT01_V2.5.0/Projects/SensorTile/Applications/Optimized_Transformer_code-master/Inc -O0 -ffunction-sections -fno-exceptions -fno-rtti -fno-use-cxa-atexit -Wall -fstack-usage -fcyclomatic-complexity -MMD -MP -MF"AudioLoop/User/main.d" -MT"AudioLoop/User/main.o" --specs=nano.specs -mfpu=fpv4-sp-d16 -mfloat-abi=hard -mthumb -o "AudioLoop/User/main.o"
/home/gaurav/STSW-STLKT01_V2.5.0/Projects/SensorTile/Applications/Optimized_Transformer_code-master/Src/main.cpp:15:1: warning: multi-line comment [-Wcomment]
   15 | //#define STLBLE_PRINTF(...) {\
      | ^
/home/gaurav/STSW-STLKT01_V2.5.0/Projects/SensorTile/Applications/Optimized_Transformer_code-master/Src/main.cpp: In function 'void DebugLog(const char*)':
/home/gaurav/STSW-STLKT01_V2.5.0/Projects/SensorTile/Applications/Optimized_Transformer_code-master/Src/main.cpp:30:9: error: 'STLBLE_PRINTF' was not declared in this scope
   30 |         STLBLE_PRINTF("%s", s);
      |         ^~~~~~~~~~~~~
/home/gaurav/STSW-STLKT01_V2.5.0/Projects/SensorTile/Applications/Optimized_Transformer_code-master/Src/main.cpp: In function 'int main()':
/home/gaurav/STSW-STLKT01_V2.5.0/Projects/SensorTile/Applications/Optimized_Transformer_code-master/Src/main.cpp:54338:30: warning: unused variable 'invoke_status' [-Wunused-variable]
54338 |                 TfLiteStatus invoke_status = interpreter->Invoke();
      |                              ^~~~~~~~~~~~~
/home/gaurav/STSW-STLKT01_V2.5.0/Projects/SensorTile/Applications/Optimized_Transformer_code-master/Src/main.cpp:54314:22: warning: unused variable 'allocate_status' [-Wunused-variable]
54314 |         TfLiteStatus allocate_status = interpreter->AllocateTensors();
      |                      ^~~~~~~~~~~~~~~
make[1]: *** [AudioLoop/User/subdir.mk:93: AudioLoop/User/main.o] Error 1
make: *** [makefile:97: all] Error 2
"make all" terminated with exit code 2. Build might be incomplete.
19:34:15 **** Incremental Build of configuration Release for project STSW-STLKT01-AudioLoop ****
make all 
arm-none-eabi-g++ "/home/gaurav/STSW-STLKT01_V2.5.0/Projects/SensorTile/Applications/Optimized_Transformer_code-master/Src/main.cpp" -mcpu=cortex-m4 -std=gnu++14 -g3 -DUSE_HAL_DRIVER -DOSX_BMS_SENSORTILE -DSTM32L476xx -DUSE_STM32L4XX_NUCLEO -D__FPU_PRESENT=1 -DARM_MATH_CM4 -c -I../../../Inc -I../../../../../../../Middlewares/ST/STM32_USB_Device_Library/Class/AUDIO/Inc -I../../../../../../../Middlewares/ST/STM32_USB_Device_Library/Core/Inc -I../../../../../../../Drivers/CMSIS/Device/ST/STM32L4xx/Include -I../../../../../../../Drivers/STM32L4xx_HAL_Driver/Inc -I../../../../../../../Drivers/BSP/Components/Common -I../../../../../../../Drivers/BSP/SensorTile -I../../../../../../../Drivers/BSP/Components/pcm1774 -I../../../../../../../Drivers/CMSIS/Include -I/home/gaurav/STSW-STLKT01_V2.5.0/Projects/SensorTile/Applications/Optimized_Transformer_code-master/STM32CubeIDE/tensorflow/tensorflow/lite/micro/tools/make/downloads/cmsis/CMSIS/Core/Include -I/home/gaurav/STSW-STLKT01_V2.5.0/Projects/SensorTile/Applications/Optimized_Transformer_code-master/STM32CubeIDE/tensorflow/tensorflow/lite/micro/tools/make/downloads -I/home/gaurav/STSW-STLKT01_V2.5.0/Projects/SensorTile/Applications/Optimized_Transformer_code-master/STM32CubeIDE/third_party/flatbuffers/include -I/home/gaurav/STSW-STLKT01_V2.5.0/Projects/SensorTile/Applications/Optimized_Transformer_code-master/STM32CubeIDE/third_party/gemmlowp -I/home/gaurav/STSW-STLKT01_V2.5.0/Projects/SensorTile/Applications/Optimized_Transformer_code-master/STM32CubeIDE/tensorflow -I/home/gaurav/STSW-STLKT01_V2.5.0/Projects/SensorTile/Applications/Optimized_Transformer_code-master/STM32CubeIDE/third_party/ruy -I/home/gaurav/STSW-STLKT01_V2.5.0/Projects/SensorTile/Applications/Optimized_Transformer_code-master/Inc -O0 -ffunction-sections -fno-exceptions -fno-rtti -fno-use-cxa-atexit -Wall -fstack-usage -fcyclomatic-complexity -MMD -MP -MF"AudioLoop/User/main.d" -MT"AudioLoop/User/main.o" --specs=nano.specs -mfpu=fpv4-sp-d16 -mfloat-abi=hard -mthumb -o "AudioLoop/User/main.o"
/home/gaurav/STSW-STLKT01_V2.5.0/Projects/SensorTile/Applications/Optimized_Transformer_code-master/Src/main.cpp: In function 'int main()':
/home/gaurav/STSW-STLKT01_V2.5.0/Projects/SensorTile/Applications/Optimized_Transformer_code-master/Src/main.cpp:54338:30: warning: unused variable 'invoke_status' [-Wunused-variable]
54338 |                 TfLiteStatus invoke_status = interpreter->Invoke();
      |                              ^~~~~~~~~~~~~
/home/gaurav/STSW-STLKT01_V2.5.0/Projects/SensorTile/Applications/Optimized_Transformer_code-master/Src/main.cpp:54314:22: warning: unused variable 'allocate_status' [-Wunused-variable]
54314 |         TfLiteStatus allocate_status = interpreter->AllocateTensors();
      |                      ^~~~~~~~~~~~~~~
/home/gaurav/STSW-STLKT01_V2.5.0/Projects/SensorTile/Applications/Optimized_Transformer_code-master/Src/main.cpp:54328:25: warning: variable 'elapsed' set but not used [-Wunused-but-set-variable]
54328 |         uint32_t start, elapsed;
      |                         ^~~~~~~
arm-none-eabi-g++ -o "STSW-STLKT01-AudioLoop.elf" @"objects.list"   -mcpu=cortex-m4 -T"../LinkerScript.ld" --specs=nosys.specs -Wl,-Map="STSW-STLKT01-AudioLoop.map" -Wl,--gc-sections -static --specs=nano.specs -mfpu=fpv4-sp-d16 -mfloat-abi=hard -mthumb -Wl,--start-group -lc -lm -lstdc++ -lsupc++ -Wl,--end-group
Finished building target: STSW-STLKT01-AudioLoop.elf
 
arm-none-eabi-size   STSW-STLKT01-AudioLoop.elf 
   text	   data	    bss	    dec	    hex	filename
 319248	    504	 113480	 433232	  69c50	STSW-STLKT01-AudioLoop.elf
Finished building: default.size.stdout
 
arm-none-eabi-objdump -h -S  STSW-STLKT01-AudioLoop.elf  > "STSW-STLKT01-AudioLoop.list"
Finished building: STSW-STLKT01-AudioLoop.list
 
arm-none-eabi-objcopy -O binary "STSW-STLKT01-AudioLoop.elf" "STSW-STLKT01-AudioLoop.bin"
 
19:36:52 **** Incremental Build of configuration Release for project STSW-STLKT01-AudioLoop ****
make all 
arm-none-eabi-size   STSW-STLKT01-AudioLoop.elf 
   text	   data	    bss	    dec	    hex	filename
 319248	    504	 113480	 433232	  69c50	STSW-STLKT01-AudioLoop.elf
Finished building: default.size.stdout
 
arm-none-eabi-objcopy -O binary "STSW-STLKT01-AudioLoop.elf" "STSW-STLKT01-AudioLoop.bin"
 
19:40:25 **** Incremental Build of configuration Release for project STSW-STLKT01-AudioLoop ****
make all 
arm-none-eabi-size   STSW-STLKT01-AudioLoop.elf 
   text	   data	    bss	    dec	    hex	filename
 319248	    504	 113480	 433232	  69c50	STSW-STLKT01-AudioLoop.elf
Finished building: default.size.stdout
 
arm-none-eabi-objcopy -O binary "STSW-STLKT01-AudioLoop.elf" "STSW-STLKT01-AudioLoop.bin"
 
19:45:33 **** Incremental Build of configuration Release for project STSW-STLKT01-AudioLoop ****
make all 
arm-none-eabi-size   STSW-STLKT01-AudioLoop.elf 
   text	   data	    bss	    dec	    hex	filename
 319248	    504	 113480	 433232	  69c50	STSW-STLKT01-AudioLoop.elf
Finished building: default.size.stdout
 
arm-none-eabi-objcopy -O binary "STSW-STLKT01-AudioLoop.elf" "STSW-STLKT01-AudioLoop.bin"
 
19:47:34 **** Incremental Build of configuration Release for project STSW-STLKT01-AudioLoop ****
make all 
arm-none-eabi-size   STSW-STLKT01-AudioLoop.elf 
   text	   data	    bss	    dec	    hex	filename
 319248	    504	 113480	 433232	  69c50	STSW-STLKT01-AudioLoop.elf
Finished building: default.size.stdout
 
arm-none-eabi-objcopy -O binary "STSW-STLKT01-AudioLoop.elf" "STSW-STLKT01-AudioLoop.bin"
 
19:50:17 **** Incremental Build of configuration Release for project STSW-STLKT01-AudioLoop ****
make all 
arm-none-eabi-size   STSW-STLKT01-AudioLoop.elf 
   text	   data	    bss	    dec	    hex	filename
 319248	    504	 113480	 433232	  69c50	STSW-STLKT01-AudioLoop.elf
Finished building: default.size.stdout
 
arm-none-eabi-objcopy -O binary "STSW-STLKT01-AudioLoop.elf" "STSW-STLKT01-AudioLoop.bin"
 
19:53:33 **** Incremental Build of configuration Release for project STSW-STLKT01-AudioLoop ****
make all 
arm-none-eabi-size   STSW-STLKT01-AudioLoop.elf 
   text	   data	    bss	    dec	    hex	filename
 319248	    504	 113480	 433232	  69c50	STSW-STLKT01-AudioLoop.elf
Finished building: default.size.stdout
 
arm-none-eabi-objcopy -O binary "STSW-STLKT01-AudioLoop.elf" "STSW-STLKT01-AudioLoop.bin"
 
19:57:40 **** Incremental Build of configuration Release for project STSW-STLKT01-AudioLoop ****
make all 
arm-none-eabi-g++ "/home/gaurav/STSW-STLKT01_V2.5.0/Projects/SensorTile/Applications/Optimized_Transformer_code-master/Src/main.cpp" -mcpu=cortex-m4 -std=gnu++14 -g3 -DUSE_HAL_DRIVER -DOSX_BMS_SENSORTILE -DSTM32L476xx -DUSE_STM32L4XX_NUCLEO -D__FPU_PRESENT=1 -DARM_MATH_CM4 -c -I../../../Inc -I../../../../../../../Middlewares/ST/STM32_USB_Device_Library/Class/AUDIO/Inc -I../../../../../../../Middlewares/ST/STM32_USB_Device_Library/Core/Inc -I../../../../../../../Drivers/CMSIS/Device/ST/STM32L4xx/Include -I../../../../../../../Drivers/STM32L4xx_HAL_Driver/Inc -I../../../../../../../Drivers/BSP/Components/Common -I../../../../../../../Drivers/BSP/SensorTile -I../../../../../../../Drivers/BSP/Components/pcm1774 -I../../../../../../../Drivers/CMSIS/Include -I/home/gaurav/STSW-STLKT01_V2.5.0/Projects/SensorTile/Applications/Optimized_Transformer_code-master/STM32CubeIDE/tensorflow/tensorflow/lite/micro/tools/make/downloads/cmsis/CMSIS/Core/Include -I/home/gaurav/STSW-STLKT01_V2.5.0/Projects/SensorTile/Applications/Optimized_Transformer_code-master/STM32CubeIDE/tensorflow/tensorflow/lite/micro/tools/make/downloads -I/home/gaurav/STSW-STLKT01_V2.5.0/Projects/SensorTile/Applications/Optimized_Transformer_code-master/STM32CubeIDE/third_party/flatbuffers/include -I/home/gaurav/STSW-STLKT01_V2.5.0/Projects/SensorTile/Applications/Optimized_Transformer_code-master/STM32CubeIDE/third_party/gemmlowp -I/home/gaurav/STSW-STLKT01_V2.5.0/Projects/SensorTile/Applications/Optimized_Transformer_code-master/STM32CubeIDE/tensorflow -I/home/gaurav/STSW-STLKT01_V2.5.0/Projects/SensorTile/Applications/Optimized_Transformer_code-master/STM32CubeIDE/third_party/ruy -I/home/gaurav/STSW-STLKT01_V2.5.0/Projects/SensorTile/Applications/Optimized_Transformer_code-master/Inc -O0 -ffunction-sections -fno-exceptions -fno-rtti -fno-use-cxa-atexit -Wall -fstack-usage -fcyclomatic-complexity -MMD -MP -MF"AudioLoop/User/main.d" -MT"AudioLoop/User/main.o" --specs=nano.specs -mfpu=fpv4-sp-d16 -mfloat-abi=hard -mthumb -o "AudioLoop/User/main.o"
/home/gaurav/STSW-STLKT01_V2.5.0/Projects/SensorTile/Applications/Optimized_Transformer_code-master/Src/main.cpp:15:1: warning: multi-line comment [-Wcomment]
   15 | //#define STLBLE_PRINTF(...) {\
      | ^
/home/gaurav/STSW-STLKT01_V2.5.0/Projects/SensorTile/Applications/Optimized_Transformer_code-master/Src/main.cpp: In function 'int main()':
/home/gaurav/STSW-STLKT01_V2.5.0/Projects/SensorTile/Applications/Optimized_Transformer_code-master/Src/main.cpp:54338:30: warning: unused variable 'invoke_status' [-Wunused-variable]
54338 |                 TfLiteStatus invoke_status = interpreter->Invoke();
      |                              ^~~~~~~~~~~~~
/home/gaurav/STSW-STLKT01_V2.5.0/Projects/SensorTile/Applications/Optimized_Transformer_code-master/Src/main.cpp:54314:22: warning: unused variable 'allocate_status' [-Wunused-variable]
54314 |         TfLiteStatus allocate_status = interpreter->AllocateTensors();
      |                      ^~~~~~~~~~~~~~~
/home/gaurav/STSW-STLKT01_V2.5.0/Projects/SensorTile/Applications/Optimized_Transformer_code-master/Src/main.cpp:54328:25: warning: variable 'elapsed' set but not used [-Wunused-but-set-variable]
54328 |         uint32_t start, elapsed;
      |                         ^~~~~~~
arm-none-eabi-g++ -o "STSW-STLKT01-AudioLoop.elf" @"objects.list"   -mcpu=cortex-m4 -T"../LinkerScript.ld" --specs=nosys.specs -Wl,-Map="STSW-STLKT01-AudioLoop.map" -Wl,--gc-sections -static --specs=nano.specs -mfpu=fpv4-sp-d16 -mfloat-abi=hard -mthumb -Wl,--start-group -lc -lm -lstdc++ -lsupc++ -Wl,--end-group
/opt/st/stm32cubeide_1.13.2/plugins/com.st.stm32cube.ide.mcu.externaltools.gnu-tools-for-stm32.11.3.rel1.linux64_1.1.1.202309131626/tools/bin/../lib/gcc/arm-none-eabi/11.3.1/../../../../arm-none-eabi/bin/ld: ./tensorflow/tensorflow/lite/micro/micro_error_reporter.o: in function `tflite::MicroErrorReporter::Report(char const*, std::__va_list)':
/home/gaurav/STSW-STLKT01_V2.5.0/Projects/SensorTile/Applications/Optimized_Transformer_code-master/STM32CubeIDE/tensorflow/tensorflow/lite/micro/micro_error_reporter.cc:35: undefined reference to `DebugLog'
/opt/st/stm32cubeide_1.13.2/plugins/com.st.stm32cube.ide.mcu.externaltools.gnu-tools-for-stm32.11.3.rel1.linux64_1.1.1.202309131626/tools/bin/../lib/gcc/arm-none-eabi/11.3.1/../../../../arm-none-eabi/bin/ld: /home/gaurav/STSW-STLKT01_V2.5.0/Projects/SensorTile/Applications/Optimized_Transformer_code-master/STM32CubeIDE/tensorflow/tensorflow/lite/micro/micro_error_reporter.cc:36: undefined reference to `DebugLog'
collect2: error: ld returned 1 exit status
make[1]: *** [makefile:104: STSW-STLKT01-AudioLoop.elf] Error 1
make: *** [makefile:97: all] Error 2
"make all" terminated with exit code 2. Build might be incomplete.
20:00:11 **** Incremental Build of configuration Release for project STSW-STLKT01-AudioLoop ****
make all 
arm-none-eabi-g++ "/home/gaurav/STSW-STLKT01_V2.5.0/Projects/SensorTile/Applications/Optimized_Transformer_code-master/Src/main.cpp" -mcpu=cortex-m4 -std=gnu++14 -g3 -DUSE_HAL_DRIVER -DOSX_BMS_SENSORTILE -DSTM32L476xx -DUSE_STM32L4XX_NUCLEO -D__FPU_PRESENT=1 -DARM_MATH_CM4 -c -I../../../Inc -I../../../../../../../Middlewares/ST/STM32_USB_Device_Library/Class/AUDIO/Inc -I../../../../../../../Middlewares/ST/STM32_USB_Device_Library/Core/Inc -I../../../../../../../Drivers/CMSIS/Device/ST/STM32L4xx/Include -I../../../../../../../Drivers/STM32L4xx_HAL_Driver/Inc -I../../../../../../../Drivers/BSP/Components/Common -I../../../../../../../Drivers/BSP/SensorTile -I../../../../../../../Drivers/BSP/Components/pcm1774 -I../../../../../../../Drivers/CMSIS/Include -I/home/gaurav/STSW-STLKT01_V2.5.0/Projects/SensorTile/Applications/Optimized_Transformer_code-master/STM32CubeIDE/tensorflow/tensorflow/lite/micro/tools/make/downloads/cmsis/CMSIS/Core/Include -I/home/gaurav/STSW-STLKT01_V2.5.0/Projects/SensorTile/Applications/Optimized_Transformer_code-master/STM32CubeIDE/tensorflow/tensorflow/lite/micro/tools/make/downloads -I/home/gaurav/STSW-STLKT01_V2.5.0/Projects/SensorTile/Applications/Optimized_Transformer_code-master/STM32CubeIDE/third_party/flatbuffers/include -I/home/gaurav/STSW-STLKT01_V2.5.0/Projects/SensorTile/Applications/Optimized_Transformer_code-master/STM32CubeIDE/third_party/gemmlowp -I/home/gaurav/STSW-STLKT01_V2.5.0/Projects/SensorTile/Applications/Optimized_Transformer_code-master/STM32CubeIDE/tensorflow -I/home/gaurav/STSW-STLKT01_V2.5.0/Projects/SensorTile/Applications/Optimized_Transformer_code-master/STM32CubeIDE/third_party/ruy -I/home/gaurav/STSW-STLKT01_V2.5.0/Projects/SensorTile/Applications/Optimized_Transformer_code-master/Inc -O0 -ffunction-sections -fno-exceptions -fno-rtti -fno-use-cxa-atexit -Wall -fstack-usage -fcyclomatic-complexity -MMD -MP -MF"AudioLoop/User/main.d" -MT"AudioLoop/User/main.o" --specs=nano.specs -mfpu=fpv4-sp-d16 -mfloat-abi=hard -mthumb -o "AudioLoop/User/main.o"
/home/gaurav/STSW-STLKT01_V2.5.0/Projects/SensorTile/Applications/Optimized_Transformer_code-master/Src/main.cpp:15:1: warning: multi-line comment [-Wcomment]
   15 | //#define STLBLE_PRINTF(...) {\
      | ^
/home/gaurav/STSW-STLKT01_V2.5.0/Projects/SensorTile/Applications/Optimized_Transformer_code-master/Src/main.cpp: In function 'int main()':
/home/gaurav/STSW-STLKT01_V2.5.0/Projects/SensorTile/Applications/Optimized_Transformer_code-master/Src/main.cpp:54338:30: warning: unused variable 'invoke_status' [-Wunused-variable]
54338 |                 TfLiteStatus invoke_status = interpreter->Invoke();
      |                              ^~~~~~~~~~~~~
/home/gaurav/STSW-STLKT01_V2.5.0/Projects/SensorTile/Applications/Optimized_Transformer_code-master/Src/main.cpp:54314:22: warning: unused variable 'allocate_status' [-Wunused-variable]
54314 |         TfLiteStatus allocate_status = interpreter->AllocateTensors();
      |                      ^~~~~~~~~~~~~~~
/home/gaurav/STSW-STLKT01_V2.5.0/Projects/SensorTile/Applications/Optimized_Transformer_code-master/Src/main.cpp:54328:25: warning: variable 'elapsed' set but not used [-Wunused-but-set-variable]
54328 |         uint32_t start, elapsed;
      |                         ^~~~~~~
arm-none-eabi-g++ -o "STSW-STLKT01-AudioLoop.elf" @"objects.list"   -mcpu=cortex-m4 -T"../LinkerScript.ld" --specs=nosys.specs -Wl,-Map="STSW-STLKT01-AudioLoop.map" -Wl,--gc-sections -static --specs=nano.specs -mfpu=fpv4-sp-d16 -mfloat-abi=hard -mthumb -Wl,--start-group -lc -lm -lstdc++ -lsupc++ -Wl,--end-group
Finished building target: STSW-STLKT01-AudioLoop.elf
 
arm-none-eabi-size   STSW-STLKT01-AudioLoop.elf 
   text	   data	    bss	    dec	    hex	filename
 318208	    504	 113480	 432192	  69840	STSW-STLKT01-AudioLoop.elf
Finished building: default.size.stdout
 
arm-none-eabi-objdump -h -S  STSW-STLKT01-AudioLoop.elf  > "STSW-STLKT01-AudioLoop.list"
Finished building: STSW-STLKT01-AudioLoop.list
 
arm-none-eabi-objcopy -O binary "STSW-STLKT01-AudioLoop.elf" "STSW-STLKT01-AudioLoop.bin"
 
21:51:04 **** Incremental Build of configuration Release for project STSW-STLKT01-AudioLoop ****
make all 
arm-none-eabi-g++ "/home/gaurav/STSW-STLKT01_V2.5.0/Projects/SensorTile/Applications/Optimized_Transformer_code-master/Src/main.cpp" -mcpu=cortex-m4 -std=gnu++14 -g3 -DUSE_HAL_DRIVER -DOSX_BMS_SENSORTILE -DSTM32L476xx -DUSE_STM32L4XX_NUCLEO -D__FPU_PRESENT=1 -DARM_MATH_CM4 -c -I../../../Inc -I../../../../../../../Middlewares/ST/STM32_USB_Device_Library/Class/AUDIO/Inc -I../../../../../../../Middlewares/ST/STM32_USB_Device_Library/Core/Inc -I../../../../../../../Drivers/CMSIS/Device/ST/STM32L4xx/Include -I../../../../../../../Drivers/STM32L4xx_HAL_Driver/Inc -I../../../../../../../Drivers/BSP/Components/Common -I../../../../../../../Drivers/BSP/SensorTile -I../../../../../../../Drivers/BSP/Components/pcm1774 -I../../../../../../../Drivers/CMSIS/Include -I/home/gaurav/STSW-STLKT01_V2.5.0/Projects/SensorTile/Applications/Optimized_Transformer_code-master/STM32CubeIDE/tensorflow/tensorflow/lite/micro/tools/make/downloads/cmsis/CMSIS/Core/Include -I/home/gaurav/STSW-STLKT01_V2.5.0/Projects/SensorTile/Applications/Optimized_Transformer_code-master/STM32CubeIDE/tensorflow/tensorflow/lite/micro/tools/make/downloads -I/home/gaurav/STSW-STLKT01_V2.5.0/Projects/SensorTile/Applications/Optimized_Transformer_code-master/STM32CubeIDE/third_party/flatbuffers/include -I/home/gaurav/STSW-STLKT01_V2.5.0/Projects/SensorTile/Applications/Optimized_Transformer_code-master/STM32CubeIDE/third_party/gemmlowp -I/home/gaurav/STSW-STLKT01_V2.5.0/Projects/SensorTile/Applications/Optimized_Transformer_code-master/STM32CubeIDE/tensorflow -I/home/gaurav/STSW-STLKT01_V2.5.0/Projects/SensorTile/Applications/Optimized_Transformer_code-master/STM32CubeIDE/third_party/ruy -I/home/gaurav/STSW-STLKT01_V2.5.0/Projects/SensorTile/Applications/Optimized_Transformer_code-master/Inc -O0 -ffunction-sections -fno-exceptions -fno-rtti -fno-use-cxa-atexit -Wall -fstack-usage -fcyclomatic-complexity -MMD -MP -MF"AudioLoop/User/main.d" -MT"AudioLoop/User/main.o" --specs=nano.specs -mfpu=fpv4-sp-d16 -mfloat-abi=hard -mthumb -o "AudioLoop/User/main.o"
/home/gaurav/STSW-STLKT01_V2.5.0/Projects/SensorTile/Applications/Optimized_Transformer_code-master/Src/main.cpp:15:1: warning: multi-line comment [-Wcomment]
   15 | //#define STLBLE_PRINTF(...) {\
      | ^
/home/gaurav/STSW-STLKT01_V2.5.0/Projects/SensorTile/Applications/Optimized_Transformer_code-master/Src/main.cpp: In function 'int main()':
/home/gaurav/STSW-STLKT01_V2.5.0/Projects/SensorTile/Applications/Optimized_Transformer_code-master/Src/main.cpp:54338:30: warning: unused variable 'invoke_status' [-Wunused-variable]
54338 |                 TfLiteStatus invoke_status = interpreter->Invoke();
      |                              ^~~~~~~~~~~~~
/home/gaurav/STSW-STLKT01_V2.5.0/Projects/SensorTile/Applications/Optimized_Transformer_code-master/Src/main.cpp:54314:22: warning: unused variable 'allocate_status' [-Wunused-variable]
54314 |         TfLiteStatus allocate_status = interpreter->AllocateTensors();
      |                      ^~~~~~~~~~~~~~~
/home/gaurav/STSW-STLKT01_V2.5.0/Projects/SensorTile/Applications/Optimized_Transformer_code-master/Src/main.cpp:54328:25: warning: variable 'elapsed' set but not used [-Wunused-but-set-variable]
54328 |         uint32_t start, elapsed;
      |                         ^~~~~~~
arm-none-eabi-g++ -o "STSW-STLKT01-AudioLoop.elf" @"objects.list"   -mcpu=cortex-m4 -T"../LinkerScript.ld" --specs=nosys.specs -Wl,-Map="STSW-STLKT01-AudioLoop.map" -Wl,--gc-sections -static --specs=nano.specs -mfpu=fpv4-sp-d16 -mfloat-abi=hard -mthumb -Wl,--start-group -lc -lm -lstdc++ -lsupc++ -Wl,--end-group
Finished building target: STSW-STLKT01-AudioLoop.elf
 
arm-none-eabi-size   STSW-STLKT01-AudioLoop.elf 
   text	   data	    bss	    dec	    hex	filename
 318208	    504	 113480	 432192	  69840	STSW-STLKT01-AudioLoop.elf
Finished building: default.size.stdout
 
arm-none-eabi-objdump -h -S  STSW-STLKT01-AudioLoop.elf  > "STSW-STLKT01-AudioLoop.list"
Finished building: STSW-STLKT01-AudioLoop.list
 
arm-none-eabi-objcopy -O binary "STSW-STLKT01-AudioLoop.elf" "STSW-STLKT01-AudioLoop.bin"
 
21:58:30 **** Incremental Build of configuration Release for project STSW-STLKT01-AudioLoop ****
make all 
arm-none-eabi-g++ "/home/gaurav/STSW-STLKT01_V2.5.0/Projects/SensorTile/Applications/Optimized_Transformer_code-master/Src/main.cpp" -mcpu=cortex-m4 -std=gnu++14 -g3 -DUSE_HAL_DRIVER -DOSX_BMS_SENSORTILE -DSTM32L476xx -DUSE_STM32L4XX_NUCLEO -D__FPU_PRESENT=1 -DARM_MATH_CM4 -c -I../../../Inc -I../../../../../../../Middlewares/ST/STM32_USB_Device_Library/Class/AUDIO/Inc -I../../../../../../../Middlewares/ST/STM32_USB_Device_Library/Core/Inc -I../../../../../../../Drivers/CMSIS/Device/ST/STM32L4xx/Include -I../../../../../../../Drivers/STM32L4xx_HAL_Driver/Inc -I../../../../../../../Drivers/BSP/Components/Common -I../../../../../../../Drivers/BSP/SensorTile -I../../../../../../../Drivers/BSP/Components/pcm1774 -I../../../../../../../Drivers/CMSIS/Include -I/home/gaurav/STSW-STLKT01_V2.5.0/Projects/SensorTile/Applications/Optimized_Transformer_code-master/STM32CubeIDE/tensorflow/tensorflow/lite/micro/tools/make/downloads/cmsis/CMSIS/Core/Include -I/home/gaurav/STSW-STLKT01_V2.5.0/Projects/SensorTile/Applications/Optimized_Transformer_code-master/STM32CubeIDE/tensorflow/tensorflow/lite/micro/tools/make/downloads -I/home/gaurav/STSW-STLKT01_V2.5.0/Projects/SensorTile/Applications/Optimized_Transformer_code-master/STM32CubeIDE/third_party/flatbuffers/include -I/home/gaurav/STSW-STLKT01_V2.5.0/Projects/SensorTile/Applications/Optimized_Transformer_code-master/STM32CubeIDE/third_party/gemmlowp -I/home/gaurav/STSW-STLKT01_V2.5.0/Projects/SensorTile/Applications/Optimized_Transformer_code-master/STM32CubeIDE/tensorflow -I/home/gaurav/STSW-STLKT01_V2.5.0/Projects/SensorTile/Applications/Optimized_Transformer_code-master/STM32CubeIDE/third_party/ruy -I/home/gaurav/STSW-STLKT01_V2.5.0/Projects/SensorTile/Applications/Optimized_Transformer_code-master/Inc -O0 -ffunction-sections -fno-exceptions -fno-rtti -fno-use-cxa-atexit -Wall -fstack-usage -fcyclomatic-complexity -MMD -MP -MF"AudioLoop/User/main.d" -MT"AudioLoop/User/main.o" --specs=nano.specs -mfpu=fpv4-sp-d16 -mfloat-abi=hard -mthumb -o "AudioLoop/User/main.o"
/home/gaurav/STSW-STLKT01_V2.5.0/Projects/SensorTile/Applications/Optimized_Transformer_code-master/Src/main.cpp:15:1: warning: multi-line comment [-Wcomment]
   15 | //#define STLBLE_PRINTF(...) {\
      | ^
/home/gaurav/STSW-STLKT01_V2.5.0/Projects/SensorTile/Applications/Optimized_Transformer_code-master/Src/main.cpp: In function 'void DebugLog(const char*)':
/home/gaurav/STSW-STLKT01_V2.5.0/Projects/SensorTile/Applications/Optimized_Transformer_code-master/Src/main.cpp:31:17: warning: ISO C++ forbids converting a string constant to 'char*' [-Wwrite-strings]
   31 |         sprintf("%s", s);
      |                 ^~~~
/home/gaurav/STSW-STLKT01_V2.5.0/Projects/SensorTile/Applications/Optimized_Transformer_code-master/Src/main.cpp: In function 'int main()':
/home/gaurav/STSW-STLKT01_V2.5.0/Projects/SensorTile/Applications/Optimized_Transformer_code-master/Src/main.cpp:54339:30: warning: unused variable 'invoke_status' [-Wunused-variable]
54339 |                 TfLiteStatus invoke_status = interpreter->Invoke();
      |                              ^~~~~~~~~~~~~
/home/gaurav/STSW-STLKT01_V2.5.0/Projects/SensorTile/Applications/Optimized_Transformer_code-master/Src/main.cpp:54315:22: warning: unused variable 'allocate_status' [-Wunused-variable]
54315 |         TfLiteStatus allocate_status = interpreter->AllocateTensors();
      |                      ^~~~~~~~~~~~~~~
/home/gaurav/STSW-STLKT01_V2.5.0/Projects/SensorTile/Applications/Optimized_Transformer_code-master/Src/main.cpp:54329:25: warning: variable 'elapsed' set but not used [-Wunused-but-set-variable]
54329 |         uint32_t start, elapsed;
      |                         ^~~~~~~
arm-none-eabi-g++ -o "STSW-STLKT01-AudioLoop.elf" @"objects.list"   -mcpu=cortex-m4 -T"../LinkerScript.ld" --specs=nosys.specs -Wl,-Map="STSW-STLKT01-AudioLoop.map" -Wl,--gc-sections -static --specs=nano.specs -mfpu=fpv4-sp-d16 -mfloat-abi=hard -mthumb -Wl,--start-group -lc -lm -lstdc++ -lsupc++ -Wl,--end-group
Finished building target: STSW-STLKT01-AudioLoop.elf
 
arm-none-eabi-size   STSW-STLKT01-AudioLoop.elf 
   text	   data	    bss	    dec	    hex	filename
 319136	    504	 113480	 433120	  69be0	STSW-STLKT01-AudioLoop.elf
Finished building: default.size.stdout
 
arm-none-eabi-objdump -h -S  STSW-STLKT01-AudioLoop.elf  > "STSW-STLKT01-AudioLoop.list"
Finished building: STSW-STLKT01-AudioLoop.list
 
arm-none-eabi-objcopy -O binary "STSW-STLKT01-AudioLoop.elf" "STSW-STLKT01-AudioLoop.bin"
 
22:00:53 **** Incremental Build of configuration Release for project STSW-STLKT01-AudioLoop ****
make all 
arm-none-eabi-g++ "/home/gaurav/STSW-STLKT01_V2.5.0/Projects/SensorTile/Applications/Optimized_Transformer_code-master/Src/main.cpp" -mcpu=cortex-m4 -std=gnu++14 -g3 -DUSE_HAL_DRIVER -DOSX_BMS_SENSORTILE -DSTM32L476xx -DUSE_STM32L4XX_NUCLEO -D__FPU_PRESENT=1 -DARM_MATH_CM4 -c -I../../../Inc -I../../../../../../../Middlewares/ST/STM32_USB_Device_Library/Class/AUDIO/Inc -I../../../../../../../Middlewares/ST/STM32_USB_Device_Library/Core/Inc -I../../../../../../../Drivers/CMSIS/Device/ST/STM32L4xx/Include -I../../../../../../../Drivers/STM32L4xx_HAL_Driver/Inc -I../../../../../../../Drivers/BSP/Components/Common -I../../../../../../../Drivers/BSP/SensorTile -I../../../../../../../Drivers/BSP/Components/pcm1774 -I../../../../../../../Drivers/CMSIS/Include -I/home/gaurav/STSW-STLKT01_V2.5.0/Projects/SensorTile/Applications/Optimized_Transformer_code-master/STM32CubeIDE/tensorflow/tensorflow/lite/micro/tools/make/downloads/cmsis/CMSIS/Core/Include -I/home/gaurav/STSW-STLKT01_V2.5.0/Projects/SensorTile/Applications/Optimized_Transformer_code-master/STM32CubeIDE/tensorflow/tensorflow/lite/micro/tools/make/downloads -I/home/gaurav/STSW-STLKT01_V2.5.0/Projects/SensorTile/Applications/Optimized_Transformer_code-master/STM32CubeIDE/third_party/flatbuffers/include -I/home/gaurav/STSW-STLKT01_V2.5.0/Projects/SensorTile/Applications/Optimized_Transformer_code-master/STM32CubeIDE/third_party/gemmlowp -I/home/gaurav/STSW-STLKT01_V2.5.0/Projects/SensorTile/Applications/Optimized_Transformer_code-master/STM32CubeIDE/tensorflow -I/home/gaurav/STSW-STLKT01_V2.5.0/Projects/SensorTile/Applications/Optimized_Transformer_code-master/STM32CubeIDE/third_party/ruy -I/home/gaurav/STSW-STLKT01_V2.5.0/Projects/SensorTile/Applications/Optimized_Transformer_code-master/Inc -O0 -ffunction-sections -fno-exceptions -fno-rtti -fno-use-cxa-atexit -Wall -fstack-usage -fcyclomatic-complexity -MMD -MP -MF"AudioLoop/User/main.d" -MT"AudioLoop/User/main.o" --specs=nano.specs -mfpu=fpv4-sp-d16 -mfloat-abi=hard -mthumb -o "AudioLoop/User/main.o"
/home/gaurav/STSW-STLKT01_V2.5.0/Projects/SensorTile/Applications/Optimized_Transformer_code-master/Src/main.cpp:15:1: warning: multi-line comment [-Wcomment]
   15 | //#define STLBLE_PRINTF(...) {\
      | ^
/home/gaurav/STSW-STLKT01_V2.5.0/Projects/SensorTile/Applications/Optimized_Transformer_code-master/Src/main.cpp: In function 'int main()':
/home/gaurav/STSW-STLKT01_V2.5.0/Projects/SensorTile/Applications/Optimized_Transformer_code-master/Src/main.cpp:54340:30: warning: unused variable 'invoke_status' [-Wunused-variable]
54340 |                 TfLiteStatus invoke_status = interpreter->Invoke();
      |                              ^~~~~~~~~~~~~
/home/gaurav/STSW-STLKT01_V2.5.0/Projects/SensorTile/Applications/Optimized_Transformer_code-master/Src/main.cpp:54316:22: warning: unused variable 'allocate_status' [-Wunused-variable]
54316 |         TfLiteStatus allocate_status = interpreter->AllocateTensors();
      |                      ^~~~~~~~~~~~~~~
/home/gaurav/STSW-STLKT01_V2.5.0/Projects/SensorTile/Applications/Optimized_Transformer_code-master/Src/main.cpp:54330:25: warning: variable 'elapsed' set but not used [-Wunused-but-set-variable]
54330 |         uint32_t start, elapsed;
      |                         ^~~~~~~
arm-none-eabi-g++ -o "STSW-STLKT01-AudioLoop.elf" @"objects.list"   -mcpu=cortex-m4 -T"../LinkerScript.ld" --specs=nosys.specs -Wl,-Map="STSW-STLKT01-AudioLoop.map" -Wl,--gc-sections -static --specs=nano.specs -mfpu=fpv4-sp-d16 -mfloat-abi=hard -mthumb -Wl,--start-group -lc -lm -lstdc++ -lsupc++ -Wl,--end-group
Finished building target: STSW-STLKT01-AudioLoop.elf
 
arm-none-eabi-size   STSW-STLKT01-AudioLoop.elf 
   text	   data	    bss	    dec	    hex	filename
 318224	    504	 113480	 432208	  69850	STSW-STLKT01-AudioLoop.elf
Finished building: default.size.stdout
 
arm-none-eabi-objdump -h -S  STSW-STLKT01-AudioLoop.elf  > "STSW-STLKT01-AudioLoop.list"
Finished building: STSW-STLKT01-AudioLoop.list
 
arm-none-eabi-objcopy -O binary "STSW-STLKT01-AudioLoop.elf" "STSW-STLKT01-AudioLoop.bin"
 
22:06:25 **** Incremental Build of configuration Release for project STSW-STLKT01-AudioLoop ****
make all 
arm-none-eabi-g++ "/home/gaurav/STSW-STLKT01_V2.5.0/Projects/SensorTile/Applications/Optimized_Transformer_code-master/Src/main.cpp" -mcpu=cortex-m4 -std=gnu++14 -g3 -DUSE_HAL_DRIVER -DOSX_BMS_SENSORTILE -DSTM32L476xx -DUSE_STM32L4XX_NUCLEO -D__FPU_PRESENT=1 -DARM_MATH_CM4 -c -I../../../Inc -I../../../../../../../Middlewares/ST/STM32_USB_Device_Library/Class/AUDIO/Inc -I../../../../../../../Middlewares/ST/STM32_USB_Device_Library/Core/Inc -I../../../../../../../Drivers/CMSIS/Device/ST/STM32L4xx/Include -I../../../../../../../Drivers/STM32L4xx_HAL_Driver/Inc -I../../../../../../../Drivers/BSP/Components/Common -I../../../../../../../Drivers/BSP/SensorTile -I../../../../../../../Drivers/BSP/Components/pcm1774 -I../../../../../../../Drivers/CMSIS/Include -I/home/gaurav/STSW-STLKT01_V2.5.0/Projects/SensorTile/Applications/Optimized_Transformer_code-master/STM32CubeIDE/tensorflow/tensorflow/lite/micro/tools/make/downloads/cmsis/CMSIS/Core/Include -I/home/gaurav/STSW-STLKT01_V2.5.0/Projects/SensorTile/Applications/Optimized_Transformer_code-master/STM32CubeIDE/tensorflow/tensorflow/lite/micro/tools/make/downloads -I/home/gaurav/STSW-STLKT01_V2.5.0/Projects/SensorTile/Applications/Optimized_Transformer_code-master/STM32CubeIDE/third_party/flatbuffers/include -I/home/gaurav/STSW-STLKT01_V2.5.0/Projects/SensorTile/Applications/Optimized_Transformer_code-master/STM32CubeIDE/third_party/gemmlowp -I/home/gaurav/STSW-STLKT01_V2.5.0/Projects/SensorTile/Applications/Optimized_Transformer_code-master/STM32CubeIDE/tensorflow -I/home/gaurav/STSW-STLKT01_V2.5.0/Projects/SensorTile/Applications/Optimized_Transformer_code-master/STM32CubeIDE/third_party/ruy -I/home/gaurav/STSW-STLKT01_V2.5.0/Projects/SensorTile/Applications/Optimized_Transformer_code-master/Inc -O0 -ffunction-sections -fno-exceptions -fno-rtti -fno-use-cxa-atexit -Wall -fstack-usage -fcyclomatic-complexity -MMD -MP -MF"AudioLoop/User/main.d" -MT"AudioLoop/User/main.o" --specs=nano.specs -mfpu=fpv4-sp-d16 -mfloat-abi=hard -mthumb -o "AudioLoop/User/main.o"
/home/gaurav/STSW-STLKT01_V2.5.0/Projects/SensorTile/Applications/Optimized_Transformer_code-master/Src/main.cpp:15:1: warning: multi-line comment [-Wcomment]
   15 | //#define STLBLE_PRINTF(...) {\
      | ^
/home/gaurav/STSW-STLKT01_V2.5.0/Projects/SensorTile/Applications/Optimized_Transformer_code-master/Src/main.cpp: In function 'void DebugLog(const char*)':
/home/gaurav/STSW-STLKT01_V2.5.0/Projects/SensorTile/Applications/Optimized_Transformer_code-master/Src/main.cpp:31:17: warning: ISO C++ forbids converting a string constant to 'char*' [-Wwrite-strings]
   31 |         sprintf("%s", s);
      |                 ^~~~
/home/gaurav/STSW-STLKT01_V2.5.0/Projects/SensorTile/Applications/Optimized_Transformer_code-master/Src/main.cpp: In function 'int main()':
/home/gaurav/STSW-STLKT01_V2.5.0/Projects/SensorTile/Applications/Optimized_Transformer_code-master/Src/main.cpp:54340:30: warning: unused variable 'invoke_status' [-Wunused-variable]
54340 |                 TfLiteStatus invoke_status = interpreter->Invoke();
      |                              ^~~~~~~~~~~~~
/home/gaurav/STSW-STLKT01_V2.5.0/Projects/SensorTile/Applications/Optimized_Transformer_code-master/Src/main.cpp:54316:22: warning: unused variable 'allocate_status' [-Wunused-variable]
54316 |         TfLiteStatus allocate_status = interpreter->AllocateTensors();
      |                      ^~~~~~~~~~~~~~~
/home/gaurav/STSW-STLKT01_V2.5.0/Projects/SensorTile/Applications/Optimized_Transformer_code-master/Src/main.cpp:54330:25: warning: variable 'elapsed' set but not used [-Wunused-but-set-variable]
54330 |         uint32_t start, elapsed;
      |                         ^~~~~~~
arm-none-eabi-g++ -o "STSW-STLKT01-AudioLoop.elf" @"objects.list"   -mcpu=cortex-m4 -T"../LinkerScript.ld" --specs=nosys.specs -Wl,-Map="STSW-STLKT01-AudioLoop.map" -Wl,--gc-sections -static --specs=nano.specs -mfpu=fpv4-sp-d16 -mfloat-abi=hard -mthumb -Wl,--start-group -lc -lm -lstdc++ -lsupc++ -Wl,--end-group
Finished building target: STSW-STLKT01-AudioLoop.elf
 
arm-none-eabi-size   STSW-STLKT01-AudioLoop.elf 
   text	   data	    bss	    dec	    hex	filename
 319152	    504	 113480	 433136	  69bf0	STSW-STLKT01-AudioLoop.elf
Finished building: default.size.stdout
 
arm-none-eabi-objdump -h -S  STSW-STLKT01-AudioLoop.elf  > "STSW-STLKT01-AudioLoop.list"
Finished building: STSW-STLKT01-AudioLoop.list
 
arm-none-eabi-objcopy -O binary "STSW-STLKT01-AudioLoop.elf" "STSW-STLKT01-AudioLoop.bin"
 
22:10:07 **** Incremental Build of configuration Release for project STSW-STLKT01-AudioLoop ****
make all 
[...]
 
02:48:00 **** Incremental Build of configuration Release for project STSW-STLKT01-AudioLoop ****
make all 
arm-none-eabi-g++ "/home/gaurav/STSW-STLKT01_V2.5.0/Projects/SensorTile/Applications/Optimized_Transformer_code-master/Src/main.cpp" -mcpu=cortex-m4 -std=gnu++14 -g3 -DUSE_HAL_DRIVER -DOSX_BMS_SENSORTILE -DSTM32L476xx -DUSE_STM32L4XX_NUCLEO -D__FPU_PRESENT=1 -DARM_MATH_CM4 -c -I../../../Inc -I../../../../../../../Middlewares/ST/STM32_USB_Device_Library/Class/AUDIO/Inc -I../../../../../../../Middlewares/ST/STM32_USB_Device_Library/Core/Inc -I../../../../../../../Drivers/CMSIS/Device/ST/STM32L4xx/Include -I../../../../../../../Drivers/STM32L4xx_HAL_Driver/Inc -I../../../../../../../Drivers/BSP/Components/Common -I../../../../../../../Drivers/BSP/SensorTile -I../../../../../../../Drivers/BSP/Components/pcm1774 -I../../../../../../../Drivers/CMSIS/Include -I/home/gaurav/STSW-STLKT01_V2.5.0/Projects/SensorTile/Applications/Optimized_Transformer_code-master/STM32CubeIDE/tensorflow/tensorflow/lite/micro/tools/make/downloads/cmsis/CMSIS/Core/Include -I/home/gaurav/STSW-STLKT01_V2.5.0/Projects/SensorTile/Applications/Optimized_Transformer_code-master/STM32CubeIDE/tensorflow/tensorflow/lite/micro/tools/make/downloads -I/home/gaurav/STSW-STLKT01_V2.5.0/Projects/SensorTile/Applications/Optimized_Transformer_code-master/STM32CubeIDE/third_party/flatbuffers/include -I/home/gaurav/STSW-STLKT01_V2.5.0/Projects/SensorTile/Applications/Optimized_Transformer_code-master/STM32CubeIDE/third_party/gemmlowp -I/home/gaurav/STSW-STLKT01_V2.5.0/Projects/SensorTile/Applications/Optimized_Transformer_code-master/STM32CubeIDE/tensorflow -I/home/gaurav/STSW-STLKT01_V2.5.0/Projects/SensorTile/Applications/Optimized_Transformer_code-master/STM32CubeIDE/third_party/ruy -I/home/gaurav/STSW-STLKT01_V2.5.0/Projects/SensorTile/Applications/Optimized_Transformer_code-master/Inc -O0 -ffunction-sections -fno-exceptions -fno-rtti -fno-use-cxa-atexit -Wall -fstack-usage -fcyclomatic-complexity -MMD -MP -MF"AudioLoop/User/main.d" -MT"AudioLoop/User/main.o" --specs=nano.specs -mfpu=fpv4-sp-d16 -mfloat-abi=hard -mthumb -o "AudioLoop/User/main.o"
/home/gaurav/STSW-STLKT01_V2.5.0/Projects/SensorTile/Applications/Optimized_Transformer_code-master/Src/main.cpp:15:1: warning: multi-line comment [-Wcomment]
   15 | //#define STLBLE_PRINTF(...) {\
      | ^
/home/gaurav/STSW-STLKT01_V2.5.0/Projects/SensorTile/Applications/Optimized_Transformer_code-master/Src/main.cpp: In function 'int main()':
/home/gaurav/STSW-STLKT01_V2.5.0/Projects/SensorTile/Applications/Optimized_Transformer_code-master/Src/main.cpp:54343:30: warning: unused variable 'invoke_status' [-Wunused-variable]
54343 |                 TfLiteStatus invoke_status = interpreter->Invoke();
      |                              ^~~~~~~~~~~~~
/home/gaurav/STSW-STLKT01_V2.5.0/Projects/SensorTile/Applications/Optimized_Transformer_code-master/Src/main.cpp:54351:30: warning: unused variable 'y_val' [-Wunused-variable]
54351 |                         auto y_val = (*model_output->data.f);
      |                              ^~~~~
/home/gaurav/STSW-STLKT01_V2.5.0/Projects/SensorTile/Applications/Optimized_Transformer_code-master/Src/main.cpp:54317:22: warning: unused variable 'allocate_status' [-Wunused-variable]
54317 |         TfLiteStatus allocate_status = interpreter->AllocateTensors();
      |                      ^~~~~~~~~~~~~~~
/home/gaurav/STSW-STLKT01_V2.5.0/Projects/SensorTile/Applications/Optimized_Transformer_code-master/Src/main.cpp:54331:25: warning: variable 'elapsed' set but not used [-Wunused-but-set-variable]
54331 |         uint32_t start, elapsed;
      |                         ^~~~~~~
arm-none-eabi-g++ -o "STSW-STLKT01-AudioLoop.elf" @"objects.list"   -mcpu=cortex-m4 -T"../LinkerScript.ld" --specs=nosys.specs -Wl,-Map="STSW-STLKT01-AudioLoop.map" -Wl,--gc-sections -static --specs=nano.specs -mfpu=fpv4-sp-d16 -mfloat-abi=hard -mthumb -Wl,--start-group -lc -lm -lstdc++ -lsupc++ -Wl,--end-group
Finished building target: STSW-STLKT01-AudioLoop.elf
 
arm-none-eabi-size   STSW-STLKT01-AudioLoop.elf 
   text	   data	    bss	    dec	    hex	filename
 318216	    504	 113480	 432200	  69848	STSW-STLKT01-AudioLoop.elf
Finished building: default.size.stdout
 
arm-none-eabi-objdump -h -S  STSW-STLKT01-AudioLoop.elf  > "STSW-STLKT01-AudioLoop.list"
Finished building: STSW-STLKT01-AudioLoop.list
 
arm-none-eabi-objcopy -O binary "STSW-STLKT01-AudioLoop.elf" "STSW-STLKT01-AudioLoop.bin"
 
16:23:10 **** Incremental Build of configuration Release for project STSW-STLKT01-AudioLoop ****
make all 
arm-none-eabi-g++ "/home/gaurav/STSW-STLKT01_V2.5.0/Projects/SensorTile/Applications/Optimized_Transformer_code-master/Src/main.cpp" -mcpu=cortex-m4 -std=gnu++14 -g3 -DUSE_HAL_DRIVER -DOSX_BMS_SENSORTILE -DSTM32L476xx -DUSE_STM32L4XX_NUCLEO -D__FPU_PRESENT=1 -DARM_MATH_CM4 -c -I../../../Inc -I../../../../../../../Middlewares/ST/STM32_USB_Device_Library/Class/AUDIO/Inc -I../../../../../../../Middlewares/ST/STM32_USB_Device_Library/Core/Inc -I../../../../../../../Drivers/CMSIS/Device/ST/STM32L4xx/Include -I../../../../../../../Drivers/STM32L4xx_HAL_Driver/Inc -I../../../../../../../Drivers/BSP/Components/Common -I../../../../../../../Drivers/BSP/SensorTile -I../../../../../../../Drivers/BSP/Components/pcm1774 -I../../../../../../../Drivers/CMSIS/Include -I/home/gaurav/STSW-STLKT01_V2.5.0/Projects/SensorTile/Applications/Optimized_Transformer_code-master/STM32CubeIDE/tensorflow/tensorflow/lite/micro/tools/make/downloads/cmsis/CMSIS/Core/Include -I/home/gaurav/STSW-STLKT01_V2.5.0/Projects/SensorTile/Applications/Optimized_Transformer_code-master/STM32CubeIDE/tensorflow/tensorflow/lite/micro/tools/make/downloads -I/home/gaurav/STSW-STLKT01_V2.5.0/Projects/SensorTile/Applications/Optimized_Transformer_code-master/STM32CubeIDE/third_party/flatbuffers/include -I/home/gaurav/STSW-STLKT01_V2.5.0/Projects/SensorTile/Applications/Optimized_Transformer_code-master/STM32CubeIDE/third_party/gemmlowp -I/home/gaurav/STSW-STLKT01_V2.5.0/Projects/SensorTile/Applications/Optimized_Transformer_code-master/STM32CubeIDE/tensorflow -I/home/gaurav/STSW-STLKT01_V2.5.0/Projects/SensorTile/Applications/Optimized_Transformer_code-master/STM32CubeIDE/third_party/ruy -I/home/gaurav/STSW-STLKT01_V2.5.0/Projects/SensorTile/Applications/Optimized_Transformer_code-master/Inc -O0 -ffunction-sections -fno-exceptions -fno-rtti -fno-use-cxa-atexit -Wall -fstack-usage -fcyclomatic-complexity -MMD -MP -MF"AudioLoop/User/main.d" -MT"AudioLoop/User/main.o" --specs=nano.specs -mfpu=fpv4-sp-d16 -mfloat-abi=hard -mthumb -o "AudioLoop/User/main.o"
/home/gaurav/STSW-STLKT01_V2.5.0/Projects/SensorTile/Applications/Optimized_Transformer_code-master/Src/main.cpp:15:1: warning: multi-line comment [-Wcomment]
   15 | //#define STLBLE_PRINTF(...) {\
      | ^
/home/gaurav/STSW-STLKT01_V2.5.0/Projects/SensorTile/Applications/Optimized_Transformer_code-master/Src/main.cpp: In function 'int main()':
/home/gaurav/STSW-STLKT01_V2.5.0/Projects/SensorTile/Applications/Optimized_Transformer_code-master/Src/main.cpp:54343:30: warning: unused variable 'invoke_status' [-Wunused-variable]
54343 |                 TfLiteStatus invoke_status = interpreter->Invoke();
      |                              ^~~~~~~~~~~~~
/home/gaurav/STSW-STLKT01_V2.5.0/Projects/SensorTile/Applications/Optimized_Transformer_code-master/Src/main.cpp:54351:30: warning: unused variable 'y_val' [-Wunused-variable]
54351 |                         auto y_val = (*model_output->data.f);
      |                              ^~~~~
/home/gaurav/STSW-STLKT01_V2.5.0/Projects/SensorTile/Applications/Optimized_Transformer_code-master/Src/main.cpp:54317:22: warning: unused variable 'allocate_status' [-Wunused-variable]
54317 |         TfLiteStatus allocate_status = interpreter->AllocateTensors();
      |                      ^~~~~~~~~~~~~~~
/home/gaurav/STSW-STLKT01_V2.5.0/Projects/SensorTile/Applications/Optimized_Transformer_code-master/Src/main.cpp:54331:25: warning: variable 'elapsed' set but not used [-Wunused-but-set-variable]
54331 |         uint32_t start, elapsed;
      |                         ^~~~~~~
arm-none-eabi-g++ -o "STSW-STLKT01-AudioLoop.elf" @"objects.list"   -mcpu=cortex-m4 -T"../LinkerScript.ld" --specs=nosys.specs -Wl,-Map="STSW-STLKT01-AudioLoop.map" -Wl,--gc-sections -static --specs=nano.specs -mfpu=fpv4-sp-d16 -mfloat-abi=hard -mthumb -Wl,--start-group -lc -lm -lstdc++ -lsupc++ -Wl,--end-group
Finished building target: STSW-STLKT01-AudioLoop.elf
 
arm-none-eabi-size   STSW-STLKT01-AudioLoop.elf 
   text	   data	    bss	    dec	    hex	filename
 318216	    504	 113480	 432200	  69848	STSW-STLKT01-AudioLoop.elf
Finished building: default.size.stdout
 
arm-none-eabi-objdump -h -S  STSW-STLKT01-AudioLoop.elf  > "STSW-STLKT01-AudioLoop.list"
Finished building: STSW-STLKT01-AudioLoop.list
 
arm-none-eabi-objcopy -O binary "STSW-STLKT01-AudioLoop.elf" "STSW-STLKT01-AudioLoop.bin"
 
18:29:18 **** Incremental Build of configuration Release for project STSW-STLKT01-AudioLoop ****
make all 
arm-none-eabi-g++ "/home/gaurav/STSW-STLKT01_V2.5.0/Projects/SensorTile/Applications/Optimized_Transformer_code-master/Src/main.cpp" -mcpu=cortex-m4 -std=gnu++14 -g3 -DUSE_HAL_DRIVER -DOSX_BMS_SENSORTILE -DSTM32L476xx -DUSE_STM32L4XX_NUCLEO -D__FPU_PRESENT=1 -DARM_MATH_CM4 -c -I../../../Inc -I../../../../../../../Middlewares/ST/STM32_USB_Device_Library/Class/AUDIO/Inc -I../../../../../../../Middlewares/ST/STM32_USB_Device_Library/Core/Inc -I../../../../../../../Drivers/CMSIS/Device/ST/STM32L4xx/Include -I../../../../../../../Drivers/STM32L4xx_HAL_Driver/Inc -I../../../../../../../Drivers/BSP/Components/Common -I../../../../../../../Drivers/BSP/SensorTile -I../../../../../../../Drivers/BSP/Components/pcm1774 -I../../../../../../../Drivers/CMSIS/Include -I/home/gaurav/STSW-STLKT01_V2.5.0/Projects/SensorTile/Applications/Optimized_Transformer_code-master/STM32CubeIDE/tensorflow/tensorflow/lite/micro/tools/make/downloads/cmsis/CMSIS/Core/Include -I/home/gaurav/STSW-STLKT01_V2.5.0/Projects/SensorTile/Applications/Optimized_Transformer_code-master/STM32CubeIDE/tensorflow/tensorflow/lite/micro/tools/make/downloads -I/home/gaurav/STSW-STLKT01_V2.5.0/Projects/SensorTile/Applications/Optimized_Transformer_code-master/STM32CubeIDE/third_party/flatbuffers/include -I/home/gaurav/STSW-STLKT01_V2.5.0/Projects/SensorTile/Applications/Optimized_Transformer_code-master/STM32CubeIDE/third_party/gemmlowp -I/home/gaurav/STSW-STLKT01_V2.5.0/Projects/SensorTile/Applications/Optimized_Transformer_code-master/STM32CubeIDE/tensorflow -I/home/gaurav/STSW-STLKT01_V2.5.0/Projects/SensorTile/Applications/Optimized_Transformer_code-master/STM32CubeIDE/third_party/ruy -I/home/gaurav/STSW-STLKT01_V2.5.0/Projects/SensorTile/Applications/Optimized_Transformer_code-master/Inc -O0 -ffunction-sections -fno-exceptions -fno-rtti -fno-use-cxa-atexit -Wall -fstack-usage -fcyclomatic-complexity -MMD -MP -MF"AudioLoop/User/main.d" -MT"AudioLoop/User/main.o" --specs=nano.specs -mfpu=fpv4-sp-d16 -mfloat-abi=hard -mthumb -o "AudioLoop/User/main.o"
/home/gaurav/STSW-STLKT01_V2.5.0/Projects/SensorTile/Applications/Optimized_Transformer_code-master/Src/main.cpp:15:1: warning: multi-line comment [-Wcomment]
   15 | //#define STLBLE_PRINTF(...) {\
      | ^
/home/gaurav/STSW-STLKT01_V2.5.0/Projects/SensorTile/Applications/Optimized_Transformer_code-master/Src/main.cpp: In function 'int main()':
/home/gaurav/STSW-STLKT01_V2.5.0/Projects/SensorTile/Applications/Optimized_Transformer_code-master/Src/main.cpp:54296:9: error: 'Timer' was not declared in this scope
54296 |         Timer T;
      |         ^~~~~
/home/gaurav/STSW-STLKT01_V2.5.0/Projects/SensorTile/Applications/Optimized_Transformer_code-master/Src/main.cpp:54297:9: error: 'Serial' was not declared in this scope
54297 |         Serial pc(USBTX, USBRX);
      |         ^~~~~~
/home/gaurav/STSW-STLKT01_V2.5.0/Projects/SensorTile/Applications/Optimized_Transformer_code-master/Src/main.cpp:54299:11: error: 'KWS_DS_CNN' was not declared in this scope
54299 |           KWS_DS_CNN kws(audio_buffer);
      |           ^~~~~~~~~~
/home/gaurav/STSW-STLKT01_V2.5.0/Projects/SensorTile/Applications/Optimized_Transformer_code-master/Src/main.cpp:54301:11: error: 'T' was not declared in this scope
54301 |           T.start();
      |           ^
/home/gaurav/STSW-STLKT01_V2.5.0/Projects/SensorTile/Applications/Optimized_Transformer_code-master/Src/main.cpp:54303:11: error: 'kws' was not declared in this scope; did you mean 'kwt'?
54303 |           kws.extract_features(); //extract mfcc features
      |           ^~~
      |           kwt
/home/gaurav/STSW-STLKT01_V2.5.0/Projects/SensorTile/Applications/Optimized_Transformer_code-master/Src/main.cpp:54308:11: error: 'pc' was not declared in this scope
54308 |           pc.printf("Total time : %d us\r\n",end-start);
      |           ^~
/home/gaurav/STSW-STLKT01_V2.5.0/Projects/SensorTile/Applications/Optimized_Transformer_code-master/Src/main.cpp:54348:18: error: conflicting declaration 'uint32_t start'
54348 |         uint32_t start, elapsed;
      |                  ^~~~~
/home/gaurav/STSW-STLKT01_V2.5.0/Projects/SensorTile/Applications/Optimized_Transformer_code-master/Src/main.cpp:54302:15: note: previous declaration as 'int start'
54302 |           int start=T.read_us();
      |               ^~~~~
/home/gaurav/STSW-STLKT01_V2.5.0/Projects/SensorTile/Applications/Optimized_Transformer_code-master/Src/main.cpp:54334:22: warning: unused variable 'allocate_status' [-Wunused-variable]
54334 |         TfLiteStatus allocate_status = interpreter->AllocateTensors();
      |                      ^~~~~~~~~~~~~~~
/home/gaurav/STSW-STLKT01_V2.5.0/Projects/SensorTile/Applications/Optimized_Transformer_code-master/Src/main.cpp:54360:30: warning: unused variable 'invoke_status' [-Wunused-variable]
54360 |                 TfLiteStatus invoke_status = interpreter->Invoke();
      |                              ^~~~~~~~~~~~~
/home/gaurav/STSW-STLKT01_V2.5.0/Projects/SensorTile/Applications/Optimized_Transformer_code-master/Src/main.cpp:54370:31: warning: unused variable 'y_val' [-Wunused-variable]
54370 |                         float y_val= model_output->data.f[0];
      |                               ^~~~~
make[1]: *** [AudioLoop/User/subdir.mk:93: AudioLoop/User/main.o] Error 1
make: *** [makefile:97: all] Error 2
"make all" terminated with exit code 2. Build might be incomplete.
18:39:39 **** Incremental Build of configuration Release for project STSW-STLKT01-AudioLoop ****
make all 
arm-none-eabi-g++ "/home/gaurav/STSW-STLKT01_V2.5.0/Projects/SensorTile/Applications/Optimized_Transformer_code-master/Src/main.cpp" -mcpu=cortex-m4 -std=gnu++14 -g3 -DUSE_HAL_DRIVER -DOSX_BMS_SENSORTILE -DSTM32L476xx -DUSE_STM32L4XX_NUCLEO -D__FPU_PRESENT=1 -DARM_MATH_CM4 -c -I../../../Inc -I../../../../../../../Middlewares/ST/STM32_USB_Device_Library/Class/AUDIO/Inc -I../../../../../../../Middlewares/ST/STM32_USB_Device_Library/Core/Inc -I../../../../../../../Drivers/CMSIS/Device/ST/STM32L4xx/Include -I../../../../../../../Drivers/STM32L4xx_HAL_Driver/Inc -I../../../../../../../Drivers/BSP/Components/Common -I../../../../../../../Drivers/BSP/SensorTile -I../../../../../../../Drivers/BSP/Components/pcm1774 -I../../../../../../../Drivers/CMSIS/Include -I/home/gaurav/STSW-STLKT01_V2.5.0/Projects/SensorTile/Applications/Optimized_Transformer_code-master/STM32CubeIDE/tensorflow/tensorflow/lite/micro/tools/make/downloads/cmsis/CMSIS/Core/Include -I/home/gaurav/STSW-STLKT01_V2.5.0/Projects/SensorTile/Applications/Optimized_Transformer_code-master/STM32CubeIDE/tensorflow/tensorflow/lite/micro/tools/make/downloads -I/home/gaurav/STSW-STLKT01_V2.5.0/Projects/SensorTile/Applications/Optimized_Transformer_code-master/STM32CubeIDE/third_party/flatbuffers/include -I/home/gaurav/STSW-STLKT01_V2.5.0/Projects/SensorTile/Applications/Optimized_Transformer_code-master/STM32CubeIDE/third_party/gemmlowp -I/home/gaurav/STSW-STLKT01_V2.5.0/Projects/SensorTile/Applications/Optimized_Transformer_code-master/STM32CubeIDE/tensorflow -I/home/gaurav/STSW-STLKT01_V2.5.0/Projects/SensorTile/Applications/Optimized_Transformer_code-master/STM32CubeIDE/third_party/ruy -I/home/gaurav/STSW-STLKT01_V2.5.0/Projects/SensorTile/Applications/Optimized_Transformer_code-master/Inc -O0 -ffunction-sections -fno-exceptions -fno-rtti -fno-use-cxa-atexit -Wall -fstack-usage -fcyclomatic-complexity -MMD -MP -MF"AudioLoop/User/main.d" -MT"AudioLoop/User/main.o" --specs=nano.specs -mfpu=fpv4-sp-d16 -mfloat-abi=hard -mthumb -o "AudioLoop/User/main.o"
In file included from ../../../Inc/kws.h:5,
                 from ../../../Inc/kws_ds_cnn.h:4,
                 from /home/gaurav/STSW-STLKT01_V2.5.0/Projects/SensorTile/Applications/Optimized_Transformer_code-master/Src/main.cpp:9:
../../../Inc/nn.h:4:10: fatal error: arm_nnfunctions.h: No such file or directory
    4 | #include "arm_nnfunctions.h"
      |          ^~~~~~~~~~~~~~~~~~~
compilation terminated.
make[1]: *** [AudioLoop/User/subdir.mk:93: AudioLoop/User/main.o] Error 1
make: *** [makefile:97: all] Error 2
"make all" terminated with exit code 2. Build might be incomplete.
21:00:27 **** Incremental Build of configuration Release for project STSW-STLKT01-AudioLoop ****
make all 
arm-none-eabi-g++ "/home/gaurav/STSW-STLKT01_V2.5.0/Projects/SensorTile/Applications/Optimized_Transformer_code-master/Src/main.cpp" -mcpu=cortex-m4 -std=gnu++14 -g3 -DUSE_HAL_DRIVER -DOSX_BMS_SENSORTILE -DSTM32L476xx -DUSE_STM32L4XX_NUCLEO -D__FPU_PRESENT=1 -DARM_MATH_CM4 -c -I../../../Inc -I../../../../../../../Middlewares/ST/STM32_USB_Device_Library/Class/AUDIO/Inc -I../../../../../../../Middlewares/ST/STM32_USB_Device_Library/Core/Inc -I../../../../../../../Drivers/CMSIS/Device/ST/STM32L4xx/Include -I../../../../../../../Drivers/STM32L4xx_HAL_Driver/Inc -I../../../../../../../Drivers/BSP/Components/Common -I../../../../../../../Drivers/BSP/SensorTile -I../../../../../../../Drivers/BSP/Components/pcm1774 -I../../../../../../../Drivers/CMSIS/Include -I/home/gaurav/STSW-STLKT01_V2.5.0/Projects/SensorTile/Applications/Optimized_Transformer_code-master/STM32CubeIDE/tensorflow/tensorflow/lite/micro/tools/make/downloads/cmsis/CMSIS/Core/Include -I/home/gaurav/STSW-STLKT01_V2.5.0/Projects/SensorTile/Applications/Optimized_Transformer_code-master/STM32CubeIDE/tensorflow/tensorflow/lite/micro/tools/make/downloads -I/home/gaurav/STSW-STLKT01_V2.5.0/Projects/SensorTile/Applications/Optimized_Transformer_code-master/STM32CubeIDE/third_party/flatbuffers/include -I/home/gaurav/STSW-STLKT01_V2.5.0/Projects/SensorTile/Applications/Optimized_Transformer_code-master/STM32CubeIDE/third_party/gemmlowp -I/home/gaurav/STSW-STLKT01_V2.5.0/Projects/SensorTile/Applications/Optimized_Transformer_code-master/STM32CubeIDE/tensorflow -I/home/gaurav/STSW-STLKT01_V2.5.0/Projects/SensorTile/Applications/Optimized_Transformer_code-master/STM32CubeIDE/third_party/ruy -I/home/gaurav/STSW-STLKT01_V2.5.0/Projects/SensorTile/Applications/Optimized_Transformer_code-master/Inc -O0 -ffunction-sections -fno-exceptions -fno-rtti -fno-use-cxa-atexit -Wall -fstack-usage -fcyclomatic-complexity -MMD -MP -MF"AudioLoop/User/main.d" -MT"AudioLoop/User/main.o" --specs=nano.specs -mfpu=fpv4-sp-d16 -mfloat-abi=hard -mthumb -o "AudioLoop/User/main.o"
In file included from ../../../Inc/kws.h:5,
                 from ../../../Inc/kws_ds_cnn.h:4,
                 from /home/gaurav/STSW-STLKT01_V2.5.0/Projects/SensorTile/Applications/Optimized_Transformer_code-master/Src/main.cpp:9:
../../../Inc/nn.h:4:10: fatal error: arm_nnfunctions.h: No such file or directory
    4 | #include "arm_nnfunctions.h"
      |          ^~~~~~~~~~~~~~~~~~~
compilation terminated.
make[1]: *** [AudioLoop/User/subdir.mk:93: AudioLoop/User/main.o] Error 1
make: *** [makefile:97: all] Error 2
"make all" terminated with exit code 2. Build might be incomplete.
